Component: ARM Compiler 5.05 update 1 (build 106) Tool: armlink [4d0efa]

==============================================================================

Section Cross References

    main.o(.text) refers to misc.o(.text) for NVIC_PriorityGroupConfig
    main.o(.text) refers to usart2.o(.text) for MY_USART2_Init
    main.o(.text) refers to car.o(.text) for car_Init
    main.o(.text) refers to usart.o(.text) for uart_init
    main.o(.text) refers to pwm.o(.text) for TIM3_Int_Init
    main.o(.text) refers to adc.o(.text) for TIM4_Int_Init
    main.o(.text) refers to delay.o(.text) for delay_init
    main.o(.text) refers to led.o(.text) for LedInit
    main.o(.text) refers to __2printf.o(.text) for __2printf
    main.o(.text) refers to servo.o(.text) for arm_up
    main.o(.text) refers to stm32f4xx_gpio.o(.text) for GPIO_ReadInputDataBit
    main.o(.text) refers to control.o(.text) for PickBall
    main.o(.text) refers to pwm.o(.data) for launch_pwm
    main.o(.text) refers to control.o(.data) for BallColor
    system_stm32f4xx.o(.text) refers to system_stm32f4xx.o(.data) for SystemCoreClock
    startup_stm32f40_41xxx.o(STACK) refers (Special) to heapauxi.o(.text) for __use_two_region_memory
    startup_stm32f40_41xxx.o(HEAP) refers (Special) to heapauxi.o(.text) for __use_two_region_memory
    startup_stm32f40_41xxx.o(RESET) refers (Special) to heapauxi.o(.text) for __use_two_region_memory
    startup_stm32f40_41xxx.o(RESET) refers to startup_stm32f40_41xxx.o(STACK) for __initial_sp
    startup_stm32f40_41xxx.o(RESET) refers to startup_stm32f40_41xxx.o(.text) for Reset_Handler
    startup_stm32f40_41xxx.o(RESET) refers to stm32f4xx_it.o(.text) for NMI_Handler
    startup_stm32f40_41xxx.o(RESET) refers to pwm.o(.text) for TIM3_IRQHandler
    startup_stm32f40_41xxx.o(RESET) refers to adc.o(.text) for TIM4_IRQHandler
    startup_stm32f40_41xxx.o(RESET) refers to usart.o(.text) for USART1_IRQHandler
    startup_stm32f40_41xxx.o(RESET) refers to usart2.o(.text) for USART2_IRQHandler
    startup_stm32f40_41xxx.o(.text) refers (Special) to heapauxi.o(.text) for __use_two_region_memory
    startup_stm32f40_41xxx.o(.text) refers to system_stm32f4xx.o(.text) for SystemInit
    startup_stm32f40_41xxx.o(.text) refers to __main.o(!!!main) for __main
    startup_stm32f40_41xxx.o(.text) refers to startup_stm32f40_41xxx.o(HEAP) for Heap_Mem
    startup_stm32f40_41xxx.o(.text) refers to startup_stm32f40_41xxx.o(STACK) for Stack_Mem
    stm32f4xx_adc.o(.text) refers to stm32f4xx_rcc.o(.text) for RCC_APB2PeriphResetCmd
    stm32f4xx_can.o(.text) refers to stm32f4xx_rcc.o(.text) for RCC_APB1PeriphResetCmd
    stm32f4xx_cryp.o(.text) refers to stm32f4xx_rcc.o(.text) for RCC_AHB2PeriphResetCmd
    stm32f4xx_cryp_aes.o(.text) refers to stm32f4xx_cryp.o(.text) for CRYP_KeyStructInit
    stm32f4xx_cryp_des.o(.text) refers to stm32f4xx_cryp.o(.text) for CRYP_KeyStructInit
    stm32f4xx_cryp_tdes.o(.text) refers to stm32f4xx_cryp.o(.text) for CRYP_KeyStructInit
    stm32f4xx_dac.o(.text) refers to stm32f4xx_rcc.o(.text) for RCC_APB1PeriphResetCmd
    stm32f4xx_dma2d.o(.text) refers to stm32f4xx_rcc.o(.text) for RCC_AHB1PeriphResetCmd
    stm32f4xx_fsmc.o(.text) refers to stm32f4xx_fsmc.o(.constdata) for FSMC_DefaultTimingStruct
    stm32f4xx_gpio.o(.text) refers to stm32f4xx_rcc.o(.text) for RCC_AHB1PeriphResetCmd
    stm32f4xx_hash.o(.text) refers to stm32f4xx_rcc.o(.text) for RCC_AHB2PeriphResetCmd
    stm32f4xx_hash_md5.o(.text) refers to stm32f4xx_hash.o(.text) for HASH_DeInit
    stm32f4xx_hash_sha1.o(.text) refers to stm32f4xx_hash.o(.text) for HASH_DeInit
    stm32f4xx_i2c.o(.text) refers to stm32f4xx_rcc.o(.text) for RCC_APB1PeriphResetCmd
    stm32f4xx_ltdc.o(.text) refers to stm32f4xx_rcc.o(.text) for RCC_APB2PeriphResetCmd
    stm32f4xx_pwr.o(.text) refers to stm32f4xx_rcc.o(.text) for RCC_APB1PeriphResetCmd
    stm32f4xx_rcc.o(.text) refers to stm32f4xx_rcc.o(.data) for APBAHBPrescTable
    stm32f4xx_rng.o(.text) refers to stm32f4xx_rcc.o(.text) for RCC_AHB2PeriphResetCmd
    stm32f4xx_sai.o(.text) refers to stm32f4xx_rcc.o(.text) for RCC_APB2PeriphResetCmd
    stm32f4xx_sdio.o(.text) refers to stm32f4xx_rcc.o(.text) for RCC_APB2PeriphResetCmd
    stm32f4xx_spi.o(.text) refers to stm32f4xx_rcc.o(.text) for RCC_APB2PeriphResetCmd
    stm32f4xx_syscfg.o(.text) refers to stm32f4xx_rcc.o(.text) for RCC_APB2PeriphResetCmd
    stm32f4xx_tim.o(.text) refers to stm32f4xx_rcc.o(.text) for RCC_APB2PeriphResetCmd
    stm32f4xx_usart.o(.text) refers to stm32f4xx_rcc.o(.text) for RCC_APB2PeriphResetCmd
    stm32f4xx_wwdg.o(.text) refers to stm32f4xx_rcc.o(.text) for RCC_APB1PeriphResetCmd
    delay.o(.text) refers to misc.o(.text) for SysTick_CLKSourceConfig
    delay.o(.text) refers to delay.o(.data) for fac_us
    usart.o(.rev16_text) refers (Special) to use_no_semi_2.o(.text) for __use_no_semihosting
    usart.o(.revsh_text) refers (Special) to use_no_semi_2.o(.text) for __use_no_semihosting
[...]
    ..\\FWLIB\\src\\stm32f4xx_syscfg.c       0x00000000   Number         0  stm32f4xx_syscfg.o ABSOLUTE
    ..\\FWLIB\\src\\stm32f4xx_tim.c          0x00000000   Number         0  stm32f4xx_tim.o ABSOLUTE
    ..\\FWLIB\\src\\stm32f4xx_usart.c        0x00000000   Number         0  stm32f4xx_usart.o ABSOLUTE
    ..\\FWLIB\\src\\stm32f4xx_wwdg.c         0x00000000   Number         0  stm32f4xx_wwdg.o ABSOLUTE
    ..\\HEARDWARE\\Car\\car.c                0x00000000   Number         0  car.o ABSOLUTE
    ..\\HEARDWARE\\Led\\led.c                0x00000000   Number         0  led.o ABSOLUTE
    ..\\HEARDWARE\\PID\\pid.c                0x00000000   Number         0  pid.o ABSOLUTE
    ..\\HEARDWARE\\PWM\\pwm.c                0x00000000   Number         0  pwm.o ABSOLUTE
    ..\\HEARDWARE\\Servo\\servo.c            0x00000000   Number         0  servo.o ABSOLUTE
    ..\\HEARDWARE\\adc\\adc.c                0x00000000   Number         0  adc.o ABSOLUTE
    ..\\HEARDWARE\\control\\control.c        0x00000000   Number         0  control.o ABSOLUTE
    ..\\HEARDWARE\\usart2\\usart2.c          0x00000000   Number         0  usart2.o ABSOLUTE
    ..\\SYSTEM\\delay\\delay.c               0x00000000   Number         0  delay.o ABSOLUTE
    ..\\SYSTEM\\sys\\sys.c                   0x00000000   Number         0  sys.o ABSOLUTE
    ..\\SYSTEM\\usart\\usart.c               0x00000000   Number         0  usart.o ABSOLUTE
    dc.s                                     0x00000000   Number         0  dc.o ABSOLUTE
    main.c                                   0x00000000   Number         0  main.o ABSOLUTE
    main.c                                   0x00000000   Number         0  main.o ABSOLUTE
    stm32f4xx_it.c                           0x00000000   Number         0  stm32f4xx_it.o ABSOLUTE
    stm32f4xx_it.c                           0x00000000   Number         0  stm32f4xx_it.o ABSOLUTE
    system_stm32f4xx.c                       0x00000000   Number         0  system_stm32f4xx.o ABSOLUTE
    system_stm32f4xx.c                       0x00000000   Number         0  system_stm32f4xx.o ABSOLUTE
    RESET                                    0x08000000   Section      392  startup_stm32f40_41xxx.o(RESET)
    !!!main                                  0x08000188   Section        8  __main.o(!!!main)
    !!!scatter                               0x08000190   Section       52  __scatter.o(!!!scatter)
    !!handler_copy                           0x080001c4   Section       26  __scatter_copy.o(!!handler_copy)
    !!handler_zi                             0x080001e0   Section       28  __scatter_zi.o(!!handler_zi)
    .ARM.Collect$$_printf_percent$$00000000  0x080001fc   Section        0  _printf_percent.o(.ARM.Collect$$_printf_percent$$00000000)
    .ARM.Collect$$_printf_percent$$00000003  0x080001fc   Section        6  _printf_f.o(.ARM.Collect$$_printf_percent$$00000003)
    .ARM.Collect$$_printf_percent$$00000009  0x08000202   Section        6  _printf_d.o(.ARM.Collect$$_printf_percent$$00000009)
    .ARM.Collect$$_printf_percent$$00000017  0x08000208   Section        4  _printf_percent_end.o(.ARM.Collect$$_printf_percent$$00000017)
    .ARM.Collect$$libinit$$00000000          0x0800020c   Section        2  libinit.o(.ARM.Collect$$libinit$$00000000)
    .ARM.Collect$$libinit$$00000001          0x0800020e   Section        4  libinit2.o(.ARM.Collect$$libinit$$00000001)
    .ARM.Collect$$libinit$$00000004          0x08000212   Section        0  libinit2.o(.ARM.Collect$$libinit$$00000004)
    .ARM.Collect$$libinit$$0000000A          0x08000212   Section        0  libinit2.o(.ARM.Collect$$libinit$$0000000A)
    .ARM.Collect$$libinit$$0000000C          0x08000212   Section        0  libinit2.o(.ARM.Collect$$libinit$$0000000C)
    .ARM.Collect$$libinit$$0000000E          0x08000212   Section        0  libinit2.o(.ARM.Collect$$libinit$$0000000E)
    .ARM.Collect$$libinit$$0000000F          0x08000212   Section        6  libinit2.o(.ARM.Collect$$libinit$$0000000F)
    .ARM.Collect$$libinit$$00000011          0x08000218   Section        0  libinit2.o(.ARM.Collect$$libinit$$00000011)
    .ARM.Collect$$libinit$$00000012          0x08000218   Section       12  libinit2.o(.ARM.Collect$$libinit$$00000012)
    .ARM.Collect$$libinit$$00000013          0x08000224   Section        0  libinit2.o(.ARM.Collect$$libinit$$00000013)
    .ARM.Collect$$libinit$$00000015          0x08000224   Section        0  libinit2.o(.ARM.Collect$$libinit$$00000015)
    .ARM.Collect$$libinit$$00000016          0x08000224   Section       10  libinit2.o(.ARM.Collect$$libinit$$00000016)
    .ARM.Collect$$libinit$$00000017          0x0800022e   Section        0  libinit2.o(.ARM.Collect$$libinit$$00000017)
    .ARM.Collect$$libinit$$00000019          0x0800022e   Section        0  libinit2.o(.ARM.Collect$$libinit$$00000019)
    .ARM.Collect$$libinit$$0000001B          0x0800022e   Section        0  libinit2.o(.ARM.Collect$$libinit$$0000001B)
    .ARM.Collect$$libinit$$0000001D          0x0800022e   Section        0  libinit2.o(.ARM.Collect$$libinit$$0000001D)
    .ARM.Collect$$libinit$$0000001F          0x0800022e   Section        0  libinit2.o(.ARM.Collect$$libinit$$0000001F)
    .ARM.Collect$$libinit$$00000021          0x0800022e   Section        0  libinit2.o(.ARM.Collect$$libinit$$00000021)
    .ARM.Collect$$libinit$$00000023          0x0800022e   Section        0  libinit2.o(.ARM.Collect$$libinit$$00000023)
    .ARM.Collect$$libinit$$00000025          0x0800022e   Section        0  libinit2.o(.ARM.Collect$$libinit$$00000025)
    .ARM.Collect$$libinit$$0000002C          0x0800022e   Section        0  libinit2.o(.ARM.Collect$$libinit$$0000002C)
    .ARM.Collect$$libinit$$0000002E          0x0800022e   Section        0  libinit2.o(.ARM.Collect$$libinit$$0000002E)
    .ARM.Collect$$libinit$$00000030          0x0800022e   Section        0  libinit2.o(.ARM.Collect$$libinit$$00000030)
    .ARM.Collect$$libinit$$00000032          0x0800022e   Section        0  libinit2.o(.ARM.Collect$$libinit$$00000032)
    .ARM.Collect$$libinit$$00000033          0x0800022e   Section        2  libinit2.o(.ARM.Collect$$libinit$$00000033)
    .ARM.Collect$$libshutdown$$00000000      0x08000230   Section        2  libshutdown.o(.ARM.Collect$$libshutdown$$00000000)
    .ARM.Collect$$libshutdown$$00000003      0x08000232   Section        0  libshutdown2.o(.ARM.Collect$$libshutdown$$00000003)
    .ARM.Collect$$libshutdown$$00000006      0x08000232   Section        0  libshutdown2.o(.ARM.Collect$$libshutdown$$00000006)
    .ARM.Collect$$libshutdown$$00000009      0x08000232   Section        0  libshutdown2.o(.ARM.Collect$$libshutdown$$00000009)
    .ARM.Collect$$libshutdown$$0000000B      0x08000232   Section        0  libshutdown2.o(.ARM.Collect$$libshutdown$$0000000B)
    .ARM.Collect$$libshutdown$$0000000E      0x08000232   Section        0  libshutdown2.o(.ARM.Collect$$libshutdown$$0000000E)
    .ARM.Collect$$libshutdown$$0000000F      0x08000232   Section        2  libshutdown2.o(.ARM.Collect$$libshutdown$$0000000F)
    .ARM.Collect$$rtentry$$00000000          0x08000234   Section        0  __rtentry.o(.ARM.Collect$$rtentry$$00000000)
    .ARM.Collect$$rtentry$$00000002          0x08000234   Section        0  __rtentry2.o(.ARM.Collect$$rtentry$$00000002)
    .ARM.Collect$$rtentry$$00000004          0x08000234   Section        6  __rtentry4.o(.ARM.Collect$$rtentry$$00000004)
    .ARM.Collect$$rtentry$$00000009          0x0800023a   Section        0  __rtentry2.o(.ARM.Collect$$rtentry$$00000009)
    .ARM.Collect$$rtentry$$0000000A          0x0800023a   Section        4  __rtentry2.o(.ARM.Collect$$rtentry$$0000000A)
    .ARM.Collect$$rtentry$$0000000C          0x0800023e   Section        0  __rtentry2.o(.ARM.Collect$$rtentry$$0000000C)
    .ARM.Collect$$rtentry$$0000000D          0x0800023e   Section        8  __rtentry2.o(.ARM.Collect$$rtentry$$0000000D)
    .ARM.Collect$$rtexit$$00000000           0x08000246   Section        2  rtexit.o(.ARM.Collect$$rtexit$$00000000)
    .ARM.Collect$$rtexit$$00000002           0x08000248   Section        0  rtexit2.o(.ARM.Collect$$rtexit$$00000002)
    .ARM.Collect$$rtexit$$00000003           0x08000248   Section        4  rtexit2.o(.ARM.Collect$$rtexit$$00000003)
    .ARM.Collect$$rtexit$$00000004           0x0800024c   Section        6  rtexit2.o(.ARM.Collect$$rtexit$$00000004)
    .text                                    0x08000254   Section        0  main.o(.text)
    .text                                    0x08000398   Section        0  stm32f4xx_it.o(.text)
    .text                                    0x080003b4   Section        0  system_stm32f4xx.o(.text)
    SetSysClock                              0x080003b5   Thumb Code   220  system_stm32f4xx.o(.text)
    .text                                    0x080005c4   Section       64  startup_stm32f40_41xxx.o(.text)
    $v0                                      0x080005c4   Number         0  startup_stm32f40_41xxx.o(.text)
    .text                                    0x08000604   Section        0  misc.o(.text)
    .text                                    0x080006e4   Section        0  stm32f4xx_gpio.o(.text)
    .text                                    0x08000978   Section        0  stm32f4xx_rcc.o(.text)
    .text                                    0x08000fd4   Section        0  stm32f4xx_tim.o(.text)
    TI4_Config                               0x08001773   Thumb Code    80  stm32f4xx_tim.o(.text)
    TI3_Config                               0x080017d5   Thumb Code    72  stm32f4xx_tim.o(.text)
    TI2_Config                               0x08001837   Thumb Code    90  stm32f4xx_tim.o(.text)
    TI1_Config                               0x080018a3   Thumb Code    58  stm32f4xx_tim.o(.text)
    .text                                    0x08001c78   Section        0  stm32f4xx_usart.o(.text)
    .text                                    0x080020cc   Section        0  delay.o(.text)
    .text                                    0x080021d0   Section        0  usart.o(.text)
    .text                                    0x080024f8   Section        0  usart2.o(.text)
    .text                                    0x08002a40   Section        0  car.o(.text)
    .text                                    0x08002fe0   Section        0  pid.o(.text)
    .text                                    0x080030a4   Section        0  pwm.o(.text)
    .text                                    0x0800331c   Section        0  servo.o(.text)
    .text                                    0x0800338c   Section        0  adc.o(.text)
    .text                                    0x08003474   Section        0  control.o(.text)
    .text                                    0x08003bf4   Section        0  led.o(.text)
    .text                                    0x08003c7c   Section        2  use_no_semi_2.o(.text)
    .text                                    0x08003c80   Section        0  __2printf.o(.text)
    .text                                    0x08003c98   Section        0  __2sprintf.o(.text)
    .text                                    0x08003cc4   Section        0  __printf.o(.text)
    .text                                    0x08003d2c   Section        0  _printf_dec.o(.text)
    .text                                    0x08003da4   Section        0  atoi.o(.text)
    .text                                    0x08003dbe   Section        0  heapauxi.o(.text)
    .text                                    0x08003dc4   Section        2  use_no_semi.o(.text)
    .text                                    0x08003dc8   Section        8  rt_errno_addr_intlibspace.o(.text)
    .text                                    0x08003dd0   Section        0  _printf_intcommon.o(.text)
    .text                                    0x08003e82   Section        0  _printf_fp_dec.o(.text)
    _fp_digits                               0x08003e85   Thumb Code   428  _printf_fp_dec.o(.text)
    .text                                    0x0800429c   Section        0  _printf_char_common.o(.text)
    _printf_input_char                       0x0800429d   Thumb Code    10  _printf_char_common.o(.text)
    .text                                    0x080042cc   Section        0  _sputc.o(.text)
    .text                                    0x080042d8   Section        0  _printf_char_file.o(.text)
    .text                                    0x080042fc   Section        0  strtol.o(.text)
    .text                                    0x0800436c   Section        8  libspace.o(.text)
    .text                                    0x08004374   Section       16  rt_ctype_table.o(.text)
    .text                                    0x08004384   Section        8  rt_locale_intlibspace.o(.text)
    .text                                    0x0800438c   Section      138  lludiv10.o(.text)
    .text                                    0x08004418   Section        0  _printf_fp_infnan.o(.text)
    .text                                    0x08004498   Section        0  _strtoul.o(.text)
    .text                                    0x08004538   Section        0  bigflt0.o(.text)
    .text                                    0x08004614   Section        0  ferror.o(.text)
    .text                                    0x0800461c   Section       74  sys_stackheap_outer.o(.text)
    .text                                    0x08004666   Section        0  _chval.o(.text)
    .text                                    0x08004682   Section        0  exit.o(.text)
    .text                                    0x08004690   Section      128  strcmpv7m.o(.text)
    CL$$btod_d2e                             0x08004710   Section       62  btod.o(CL$$btod_d2e)
    CL$$btod_d2e_denorm_low                  0x0800474e   Section       70  btod.o(CL$$btod_d2e_denorm_low)
    CL$$btod_d2e_norm_op1                    0x08004794   Section       96  btod.o(CL$$btod_d2e_norm_op1)
    CL$$btod_div_common                      0x080047f4   Section      824  btod.o(CL$$btod_div_common)
    CL$$btod_e2e                             0x08004b2c   Section      198  btod.o(CL$$btod_e2e)
    CL$$btod_ediv                            0x08004bf2   Section       40  btod.o(CL$$btod_ediv)
    CL$$btod_emul                            0x08004c1a   Section       40  btod.o(CL$$btod_emul)
    CL$$btod_mult_common                     0x08004c42   Section      580  btod.o(CL$$btod_mult_common)
    i.__ARM_fpclassify                       0x08004e86   Section        0  fpclassify.o(i.__ARM_fpclassify)
    locale$$code                             0x08004eb8   Section       44  lc_numeric_c.o(locale$$code)
    locale$$code                             0x08004ee4   Section       44  lc_ctype_c.o(locale$$code)
    x$fpl$fpinit                             0x08004f10   Section       10  fpinit.o(x$fpl$fpinit)
    $v0                                      0x08004f10   Number         0  fpinit.o(x$fpl$fpinit)
    x$fpl$printf1                            0x08004f1a   Section        4  printf1.o(x$fpl$printf1)
    $v0                                      0x08004f1a   Number         0  printf1.o(x$fpl$printf1)
    x$fpl$usenofp                            0x08004f1e   Section        0  usenofp.o(x$fpl$usenofp)
    .constdata                               0x08004f20   Section        6  usart2.o(.constdata)
    .constdata                               0x08004f28   Section      148  bigflt0.o(.constdata)
    tenpwrs_x                                0x08004f28   Data          60  bigflt0.o(.constdata)
    tenpwrs_i                                0x08004f64   Data          64  bigflt0.o(.constdata)
    locale$$data                             0x08004fdc   Section       28  lc_numeric_c.o(locale$$data)
    __lcnum_c_name                           0x08004fe0   Data           2  lc_numeric_c.o(locale$$data)
    __lcnum_c_start                          0x08004fe8   Data           0  lc_numeric_c.o(locale$$data)
    __lcnum_c_point                          0x08004ff4   Data           0  lc_numeric_c.o(locale$$data)
    __lcnum_c_thousands                      0x08004ff6   Data           0  lc_numeric_c.o(locale$$data)
    __lcnum_c_grouping                       0x08004ff7   Data           0  lc_numeric_c.o(locale$$data)
    locale$$data                             0x08004ff8   Section      272  lc_ctype_c.o(locale$$data)
    __lcnum_c_end                            0x08004ff8   Data           0  lc_numeric_c.o(locale$$data)
    __lcctype_c_name                         0x08004ffc   Data           2  lc_ctype_c.o(locale$$data)
    __lcctype_c_start                        0x08005004   Data           0  lc_ctype_c.o(locale$$data)
    __lcctype_c_end                          0x08005108   Data           0  lc_ctype_c.o(locale$$data)
    .data                                    0x20000000   Section       20  system_stm32f4xx.o(.data)
    .data                                    0x20000014   Section       16  stm32f4xx_rcc.o(.data)
    APBAHBPrescTable                         0x20000014   Data          16  stm32f4xx_rcc.o(.data)
    .data                                    0x20000024   Section        4  delay.o(.data)
    fac_us                                   0x20000024   Data           1  delay.o(.data)
    fac_ms                                   0x20000026   Data           2  delay.o(.data)
    .data                                    0x20000028   Section        6  usart.o(.data)
    .data                                    0x20000030   Section       32  usart2.o(.data)
    .data                                    0x20000050   Section       20  pid.o(.data)
    .data                                    0x20000064   Section       28  pwm.o(.data)
    .data                                    0x20000080   Section        4  adc.o(.data)
    .data                                    0x20000084   Section       22  control.o(.data)
    .bss                                     0x2000009c   Section      200  usart.o(.bss)
    .bss                                     0x20000164   Section       40  usart2.o(.bss)
    .bss                                     0x2000018c   Section       12  pid.o(.bss)
    .bss                                     0x20000198   Section       96  libspace.o(.bss)
    HEAP                                     0x200001f8   Section      512  startup_stm32f40_41xxx.o(HEAP)
    Heap_Mem                                 0x200001f8   Data         512  startup_stm32f40_41xxx.o(HEAP)
    STACK                                    0x200003f8   Section     1024  startup_stm32f40_41xxx.o(STACK)
    Stack_Mem                                0x200003f8   Data        1024  startup_stm32f40_41xxx.o(STACK)
    __initial_sp                             0x200007f8   Data           0  startup_stm32f40_41xxx.o(STACK)

    Global Symbols

    Symbol Name                              Value     Ov Type        Size  Object(Section)

    BuildAttributes$$THM_ISAv4$E$P$D$K$B$S$7EM$VFPi3$EXTD16$VFPS$VFMA$PE$A:L22UL41UL21$X:L11$S22US41US21$IEEE1$IW$USESV6$~STKCKD$USESV7$~SHL$OTIME$ROPI$IEEEJ$EBA8$UX$STANDARDLIB$REQ8$PRES8$EABIv2 0x00000000   Number         0  anon$$obj.o ABSOLUTE
    __ARM_use_no_argv                        0x00000000   Number         0  main.o ABSOLUTE
    _printf_flags                            0x00000000   Number         0  printf_stubs.o ABSOLUTE
    _printf_return_value                     0x00000000   Number         0  printf_stubs.o ABSOLUTE
    _printf_sizespec                         0x00000000   Number         0  printf_stubs.o ABSOLUTE
    _printf_widthprec                        0x00000000   Number         0  printf_stubs.o ABSOLUTE
    __ARM_exceptions_init                     - Undefined Weak Reference
    __alloca_initialize                       - Undefined Weak Reference
    __arm_preinit_                            - Undefined Weak Reference
    __cpp_initialize__aeabi_                  - Undefined Weak Reference
    __cxa_finalize                            - Undefined Weak Reference
    __sigvec_lookup                           - Undefined Weak Reference
    _atexit_init                              - Undefined Weak Reference
    _call_atexit_fns                          - Undefined Weak Reference
    _clock_init                               - Undefined Weak Reference
    _fp_trap_init                             - Undefined Weak Reference
    _fp_trap_shutdown                         - Undefined Weak Reference
    _get_lc_collate                           - Undefined Weak Reference
    _get_lc_monetary                          - Undefined Weak Reference
    _get_lc_time                              - Undefined Weak Reference
    _getenv_init                              - Undefined Weak Reference
    _handle_redirection                       - Undefined Weak Reference
    _init_alloc                               - Undefined Weak Reference
    _init_user_alloc                          - Undefined Weak Reference
    _initio                                   - Undefined Weak Reference
    _mutex_acquire                            - Undefined Weak Reference
    _mutex_release                            - Undefined Weak Reference
    _printf_post_padding                      - Undefined Weak Reference
    _printf_pre_padding                       - Undefined Weak Reference
    _printf_truncate_signed                   - Undefined Weak Reference
    _printf_truncate_unsigned                 - Undefined Weak Reference
    _rand_init                                - Undefined Weak Reference
    _signal_finish                            - Undefined Weak Reference
    _signal_init                              - Undefined Weak Reference
    _terminate_alloc                          - Undefined Weak Reference
    _terminate_user_alloc                     - Undefined Weak Reference
    _terminateio                              - Undefined Weak Reference
    __Vectors_Size                           0x00000188   Number         0  startup_stm32f40_41xxx.o ABSOLUTE
    __Vectors                                0x08000000   Data           4  startup_stm32f40_41xxx.o(RESET)
    __Vectors_End                            0x08000188   Data           0  startup_stm32f40_41xxx.o(RESET)
    __main                                   0x08000189   Thumb Code     8  __main.o(!!!main)
    __scatterload                            0x08000191   Thumb Code     0  __scatter.o(!!!scatter)
    __scatterload_rt2                        0x08000191   Thumb Code    44  __scatter.o(!!!scatter)
    __scatterload_rt2_thumb_only             0x08000191   Thumb Code     0  __scatter.o(!!!scatter)
    __scatterload_null                       0x0800019f   Thumb Code     0  __scatter.o(!!!scatter)
    __scatterload_copy                       0x080001c5   Thumb Code    26  __scatter_copy.o(!!handler_copy)
    __scatterload_zeroinit                   0x080001e1   Thumb Code    28  __scatter_zi.o(!!handler_zi)
    _printf_f                                0x080001fd   Thumb Code     0  _printf_f.o(.ARM.Collect$$_printf_percent$$00000003)
    _printf_percent                          0x080001fd   Thumb Code     0  _printf_percent.o(.ARM.Collect$$_printf_percent$$00000000)
    _printf_d                                0x08000203   Thumb Code     0  _printf_d.o(.ARM.Collect$$_printf_percent$$00000009)
    _printf_percent_end                      0x08000209   Thumb Code     0  _printf_percent_end.o(.ARM.Collect$$_printf_percent$$00000017)
    __rt_lib_init                            0x0800020d   Thumb Code     0  libinit.o(.ARM.Collect$$libinit$$00000000)
    __rt_lib_init_fp_1                       0x0800020f   Thumb Code     0  libinit2.o(.ARM.Collect$$libinit$$00000001)
    __rt_lib_init_heap_1                     0x08000213   Thumb Code     0  libinit2.o(.ARM.Collect$$libinit$$0000000A)
    __rt_lib_init_lc_common                  0x08000213   Thumb Code     0  libinit2.o(.ARM.Collect$$libinit$$0000000F)
    __rt_lib_init_preinit_1                  0x08000213   Thumb Code     0  libinit2.o(.ARM.Collect$$libinit$$00000004)
    __rt_lib_init_rand_1                     0x08000213   Thumb Code     0  libinit2.o(.ARM.Collect$$libinit$$0000000E)
    __rt_lib_init_user_alloc_1               0x08000213   Thumb Code     0  libinit2.o(.ARM.Collect$$libinit$$0000000C)
    __rt_lib_init_lc_collate_1               0x08000219   Thumb Code     0  libinit2.o(.ARM.Collect$$libinit$$00000011)
    __rt_lib_init_lc_ctype_2                 0x08000219   Thumb Code     0  libinit2.o(.ARM.Collect$$libinit$$00000012)
    __rt_lib_init_lc_ctype_1                 0x08000225   Thumb Code     0  libinit2.o(.ARM.Collect$$libinit$$00000013)
    __rt_lib_init_lc_monetary_1              0x08000225   Thumb Code     0  libinit2.o(.ARM.Collect$$libinit$$00000015)
    __rt_lib_init_lc_numeric_2               0x08000225   Thumb Code     0  libinit2.o(.ARM.Collect$$libinit$$00000016)
    __rt_lib_init_alloca_1                   0x0800022f   Thumb Code     0  libinit2.o(.ARM.Collect$$libinit$$0000002E)
    __rt_lib_init_argv_1                     0x0800022f   Thumb Code     0  libinit2.o(.ARM.Collect$$libinit$$0000002C)
    __rt_lib_init_atexit_1                   0x0800022f   Thumb Code     0  libinit2.o(.ARM.Collect$$libinit$$0000001B)
    __rt_lib_init_clock_1                    0x0800022f   Thumb Code     0  libinit2.o(.ARM.Collect$$libinit$$00000021)
    __rt_lib_init_cpp_1                      0x0800022f   Thumb Code     0  libinit2.o(.ARM.Collect$$libinit$$00000032)
    __rt_lib_init_exceptions_1               0x0800022f   Thumb Code     0  libinit2.o(.ARM.Collect$$libinit$$00000030)
    __rt_lib_init_fp_trap_1                  0x0800022f   Thumb Code     0  libinit2.o(.ARM.Collect$$libinit$$0000001F)
    __rt_lib_init_getenv_1                   0x0800022f   Thumb Code     0  libinit2.o(.ARM.Collect$$libinit$$00000023)
    __rt_lib_init_lc_numeric_1               0x0800022f   Thumb Code     0  libinit2.o(.ARM.Collect$$libinit$$00000017)
    __rt_lib_init_lc_time_1                  0x0800022f   Thumb Code     0  libinit2.o(.ARM.Collect$$libinit$$00000019)
    __rt_lib_init_return                     0x0800022f   Thumb Code     0  libinit2.o(.ARM.Collect$$libinit$$00000033)
    __rt_lib_init_signal_1                   0x0800022f   Thumb Code     0  libinit2.o(.ARM.Collect$$libinit$$0000001D)
    __rt_lib_init_stdio_1                    0x0800022f   Thumb Code     0  libinit2.o(.ARM.Collect$$libinit$$00000025)
    __rt_lib_shutdown                        0x08000231   Thumb Code     0  libshutdown.o(.ARM.Collect$$libshutdown$$00000000)
    __rt_lib_shutdown_fp_trap_1              0x08000233   Thumb Code     0  libshutdown2.o(.ARM.Collect$$libshutdown$$00000006)
    __rt_lib_shutdown_heap_1                 0x08000233   Thumb Code     0  libshutdown2.o(.ARM.Collect$$libshutdown$$0000000E)
    __rt_lib_shutdown_return                 0x08000233   Thumb Code     0  libshutdown2.o(.ARM.Collect$$libshutdown$$0000000F)
    __rt_lib_shutdown_signal_1               0x08000233   Thumb Code     0  libshutdown2.o(.ARM.Collect$$libshutdown$$00000009)
    __rt_lib_shutdown_stdio_1                0x08000233   Thumb Code     0  libshutdown2.o(.ARM.Collect$$libshutdown$$00000003)
    __rt_lib_shutdown_user_alloc_1           0x08000233   Thumb Code     0  libshutdown2.o(.ARM.Collect$$libshutdown$$0000000B)
    __rt_entry                               0x08000235   Thumb Code     0  __rtentry.o(.ARM.Collect$$rtentry$$00000000)
    __rt_entry_presh_1                       0x08000235   Thumb Code     0  __rtentry2.o(.ARM.Collect$$rtentry$$00000002)
    __rt_entry_sh                            0x08000235   Thumb Code     0  __rtentry4.o(.ARM.Collect$$rtentry$$00000004)
    __rt_entry_li                            0x0800023b   Thumb Code     0  __rtentry2.o(.ARM.Collect$$rtentry$$0000000A)
    __rt_entry_postsh_1                      0x0800023b   Thumb Code     0  __rtentry2.o(.ARM.Collect$$rtentry$$00000009)
    __rt_entry_main                          0x0800023f   Thumb Code     0  __rtentry2.o(.ARM.Collect$$rtentry$$0000000D)
    __rt_entry_postli_1                      0x0800023f   Thumb Code     0  __rtentry2.o(.ARM.Collect$$rtentry$$0000000C)
    __rt_exit                                0x08000247   Thumb Code     0  rtexit.o(.ARM.Collect$$rtexit$$00000000)
    __rt_exit_ls                             0x08000249   Thumb Code     0  rtexit2.o(.ARM.Collect$$rtexit$$00000003)
    __rt_exit_prels_1                        0x08000249   Thumb Code     0  rtexit2.o(.ARM.Collect$$rtexit$$00000002)
    __rt_exit_exit                           0x0800024d   Thumb Code     0  rtexit2.o(.ARM.Collect$$rtexit$$00000004)
    main                                     0x08000255   Thumb Code   292  main.o(.text)
    NMI_Handler                              0x08000399   Thumb Code     2  stm32f4xx_it.o(.text)
    HardFault_Handler                        0x0800039b   Thumb Code     4  stm32f4xx_it.o(.text)
    MemManage_Handler                        0x0800039f   Thumb Code     4  stm32f4xx_it.o(.text)
    BusFault_Handler                         0x080003a3   Thumb Code     4  stm32f4xx_it.o(.text)
    UsageFault_Handler                       0x080003a7   Thumb Code     4  stm32f4xx_it.o(.text)
    SVC_Handler                              0x080003ab   Thumb Code     2  stm32f4xx_it.o(.text)
    DebugMon_Handler                         0x080003ad   Thumb Code     2  stm32f4xx_it.o(.text)
    PendSV_Handler                           0x080003af   Thumb Code     2  stm32f4xx_it.o(.text)
    SysTick_Handler                          0x080003b1   Thumb Code     2  stm32f4xx_it.o(.text)
    SystemInit                               0x08000491   Thumb Code    88  system_stm32f4xx.o(.text)
    SystemCoreClockUpdate                    0x080004e9   Thumb Code   174  system_stm32f4xx.o(.text)
    Reset_Handler                            0x080005c5   Thumb Code     8  startup_stm32f40_41xxx.o(.text)
    ADC_IRQHandler                           0x080005df   Thumb Code     0  startup_stm32f40_41xxx.o(.text)
    CAN1_RX0_IRQHandler                      0x080005df   Thumb Code     0  startup_stm32f40_41xxx.o(.text)
    CAN1_RX1_IRQHandler                      0x080005df   Thumb Code     0  startup_stm32f40_41xxx.o(.text)
    CAN1_SCE_IRQHandler                      0x080005df   Thumb Code     0  startup_stm32f40_41xxx.o(.text)
    CAN1_TX_IRQHandler                       0x080005df   Thumb Code     0  startup_stm32f40_41xxx.o(.text)
    CAN2_RX0_IRQHandler                      0x080005df   Thumb Code     0  startup_stm32f40_41xxx.o(.text)
    CAN2_RX1_IRQHandler                      0x080005df   Thumb Code     0  startup_stm32f40_41xxx.o(.text)
    CAN2_SCE_IRQHandler                      0x080005df   Thumb Code     0  startup_stm32f40_41xxx.o(.text)
    CAN2_TX_IRQHandler                       0x080005df   Thumb Code     0  startup_stm32f40_41xxx.o(.text)
    CRYP_IRQHandler                          0x080005df   Thumb Code     0  startup_stm32f40_41xxx.o(.text)
    DCMI_IRQHandler                          0x080005df   Thumb Code     0  startup_stm32f40_41xxx.o(.text)
    DMA1_Stream0_IRQHandler                  0x080005df   Thumb Code     0  startup_stm32f40_41xxx.o(.text)
    DMA1_Stream1_IRQHandler                  0x080005df   Thumb Code     0  startup_stm32f40_41xxx.o(.text)
    DMA1_Stream2_IRQHandler                  0x080005df   Thumb Code     0  startup_stm32f40_41xxx.o(.text)
    DMA1_Stream3_IRQHandler                  0x080005df   Thumb Code     0  startup_stm32f40_41xxx.o(.text)
    DMA1_Stream4_IRQHandler                  0x080005df   Thumb Code     0  startup_stm32f40_41xxx.o(.text)
    DMA1_Stream5_IRQHandler                  0x080005df   Thumb Code     0  startup_stm32f40_41xxx.o(.text)
    DMA1_Stream6_IRQHandler                  0x080005df   Thumb Code     0  startup_stm32f40_41xxx.o(.text)
    DMA1_Stream7_IRQHandler                  0x080005df   Thumb Code     0  startup_stm32f40_41xxx.o(.text)
    DMA2_Stream0_IRQHandler                  0x080005df   Thumb Code     0  startup_stm32f40_41xxx.o(.text)
    DMA2_Stream1_IRQHandler                  0x080005df   Thumb Code     0  startup_stm32f40_41xxx.o(.text)
    DMA2_Stream2_IRQHandler                  0x080005df   Thumb Code     0  startup_stm32f40_41xxx.o(.text)
    DMA2_Stream3_IRQHandler                  0x080005df   Thumb Code     0  startup_stm32f40_41xxx.o(.text)
    DMA2_Stream4_IRQHandler                  0x080005df   Thumb Code     0  startup_stm32f40_41xxx.o(.text)
    DMA2_Stream5_IRQHandler                  0x080005df   Thumb Code     0  startup_stm32f40_41xxx.o(.text)
    DMA2_Stream6_IRQHandler                  0x080005df   Thumb Code     0  startup_stm32f40_41xxx.o(.text)
    DMA2_Stream7_IRQHandler                  0x080005df   Thumb Code     0  startup_stm32f40_41xxx.o(.text)
    ETH_IRQHandler                           0x080005df   Thumb Code     0  startup_stm32f40_41xxx.o(.text)
    ETH_WKUP_IRQHandler                      0x080005df   Thumb Code     0  startup_stm32f40_41xxx.o(.text)
    EXTI0_IRQHandler                         0x080005df   Thumb Code     0  startup_stm32f40_41xxx.o(.text)
    EXTI15_10_IRQHandler                     0x080005df   Thumb Code     0  startup_stm32f40_41xxx.o(.text)
    EXTI1_IRQHandler                         0x080005df   Thumb Code     0  startup_stm32f40_41xxx.o(.text)
    EXTI2_IRQHandler                         0x080005df   Thumb Code     0  startup_stm32f40_41xxx.o(.text)
    EXTI3_IRQHandler                         0x080005df   Thumb Code     0  startup_stm32f40_41xxx.o(.text)
    EXTI4_IRQHandler                         0x080005df   Thumb Code     0  startup_stm32f40_41xxx.o(.text)
    EXTI9_5_IRQHandler                       0x080005df   Thumb Code     0  startup_stm32f40_41xxx.o(.text)
    FLASH_IRQHandler                         0x080005df   Thumb Code     0  startup_stm32f40_41xxx.o(.text)
    FPU_IRQHandler                           0x080005df   Thumb Code     0  startup_stm32f40_41xxx.o(.text)
    FSMC_IRQHandler                          0x080005df   Thumb Code     0  startup_stm32f40_41xxx.o(.text)
    HASH_RNG_IRQHandler                      0x080005df   Thumb Code     0  startup_stm32f40_41xxx.o(.text)
    I2C1_ER_IRQHandler                       0x080005df   Thumb Code     0  startup_stm32f40_41xxx.o(.text)
    I2C1_EV_IRQHandler                       0x080005df   Thumb Code     0  startup_stm32f40_41xxx.o(.text)
    I2C2_ER_IRQHandler                       0x080005df   Thumb Code     0  startup_stm32f40_41xxx.o(.text)
    I2C2_EV_IRQHandler                       0x080005df   Thumb Code     0  startup_stm32f40_41xxx.o(.text)
    I2C3_ER_IRQHandler                       0x080005df   Thumb Code     0  startup_stm32f40_41xxx.o(.text)
    I2C3_EV_IRQHandler                       0x080005df   Thumb Code     0  startup_stm32f40_41xxx.o(.text)
    OTG_FS_IRQHandler                        0x080005df   Thumb Code     0  startup_stm32f40_41xxx.o(.text)
    OTG_FS_WKUP_IRQHandler                   0x080005df   Thumb Code     0  startup_stm32f40_41xxx.o(.text)
    OTG_HS_EP1_IN_IRQHandler                 0x080005df   Thumb Code     0  startup_stm32f40_41xxx.o(.text)
    OTG_HS_EP1_OUT_IRQHandler                0x080005df   Thumb Code     0  startup_stm32f40_41xxx.o(.text)
    OTG_HS_IRQHandler                        0x080005df   Thumb Code     0  startup_stm32f40_41xxx.o(.text)
    OTG_HS_WKUP_IRQHandler                   0x080005df   Thumb Code     0  startup_stm32f40_41xxx.o(.text)
    PVD_IRQHandler                           0x080005df   Thumb Code     0  startup_stm32f40_41xxx.o(.text)
    RCC_IRQHandler                           0x080005df   Thumb Code     0  startup_stm32f40_41xxx.o(.text)
    RTC_Alarm_IRQHandler                     0x080005df   Thumb Code     0  startup_stm32f40_41xxx.o(.text)
    RTC_WKUP_IRQHandler                      0x080005df   Thumb Code     0  startup_stm32f40_41xxx.o(.text)
    SDIO_IRQHandler                          0x080005df   Thumb Code     0  startup_stm32f40_41xxx.o(.text)
    SPI1_IRQHandler                          0x080005df   Thumb Code     0  startup_stm32f40_41xxx.o(.text)
    SPI2_IRQHandler                          0x080005df   Thumb Code     0  startup_stm32f40_41xxx.o(.text)
    SPI3_IRQHandler                          0x080005df   Thumb Code     0  startup_stm32f40_41xxx.o(.text)
    TAMP_STAMP_IRQHandler                    0x080005df   Thumb Code     0  startup_stm32f40_41xxx.o(.text)
    TIM1_BRK_TIM9_IRQHandler                 0x080005df   Thumb Code     0  startup_stm32f40_41xxx.o(.text)
    TIM1_CC_IRQHandler                       0x080005df   Thumb Code     0  startup_stm32f40_41xxx.o(.text)
    TIM1_TRG_COM_TIM11_IRQHandler            0x080005df   Thumb Code     0  startup_stm32f40_41xxx.o(.text)
    TIM1_UP_TIM10_IRQHandler                 0x080005df   Thumb Code     0  startup_stm32f40_41xxx.o(.text)
    TIM2_IRQHandler                          0x080005df   Thumb Code     0  startup_stm32f40_41xxx.o(.text)
    TIM5_IRQHandler                          0x080005df   Thumb Code     0  startup_stm32f40_41xxx.o(.text)
    TIM6_DAC_IRQHandler                      0x080005df   Thumb Code     0  startup_stm32f40_41xxx.o(.text)
    TIM7_IRQHandler                          0x080005df   Thumb Code     0  startup_stm32f40_41xxx.o(.text)
    TIM8_BRK_TIM12_IRQHandler                0x080005df   Thumb Code     0  startup_stm32f40_41xxx.o(.text)
    TIM8_CC_IRQHandler                       0x080005df   Thumb Code     0  startup_stm32f40_41xxx.o(.text)
    TIM8_TRG_COM_TIM14_IRQHandler            0x080005df   Thumb Code     0  startup_stm32f40_41xxx.o(.text)
    TIM8_UP_TIM13_IRQHandler                 0x080005df   Thumb Code     0  startup_stm32f40_41xxx.o(.text)
    UART4_IRQHandler                         0x080005df   Thumb Code     0  startup_stm32f40_41xxx.o(.text)
    UART5_IRQHandler                         0x080005df   Thumb Code     0  startup_stm32f40_41xxx.o(.text)
    USART3_IRQHandler                        0x080005df   Thumb Code     0  startup_stm32f40_41xxx.o(.text)
    USART6_IRQHandler                        0x080005df   Thumb Code     0  startup_stm32f40_41xxx.o(.text)
    WWDG_IRQHandler                          0x080005df   Thumb Code     0  startup_stm32f40_41xxx.o(.text)
    __user_initial_stackheap                 0x080005e1   Thumb Code     0  startup_stm32f40_41xxx.o(.text)
    NVIC_PriorityGroupConfig                 0x08000605   Thumb Code    10  misc.o(.text)
    NVIC_Init                                0x0800060f   Thumb Code   106  misc.o(.text)
    NVIC_SetVectorTable                      0x08000679   Thumb Code    14  misc.o(.text)
    NVIC_SystemLPConfig                      0x08000687   Thumb Code    34  misc.o(.text)
    SysTick_CLKSourceConfig                  0x080006a9   Thumb Code    40  misc.o(.text)
    GPIO_DeInit                              0x080006e5   Thumb Code   268  stm32f4xx_gpio.o(.text)
    GPIO_Init                                0x080007f1   Thumb Code   144  stm32f4xx_gpio.o(.text)
    GPIO_StructInit                          0x08000881   Thumb Code    18  stm32f4xx_gpio.o(.text)
    GPIO_PinLockConfig                       0x08000893   Thumb Code    34  stm32f4xx_gpio.o(.text)
    GPIO_ReadInputDataBit                    0x080008b5   Thumb Code    18  stm32f4xx_gpio.o(.text)
    GPIO_ReadInputData                       0x080008c7   Thumb Code     8  stm32f4xx_gpio.o(.text)
    GPIO_ReadOutputDataBit                   0x080008cf   Thumb Code    18  stm32f4xx_gpio.o(.text)
    GPIO_ReadOutputData                      0x080008e1   Thumb Code     8  stm32f4xx_gpio.o(.text)
    GPIO_SetBits                             0x080008e9   Thumb Code     4  stm32f4xx_gpio.o(.text)
    GPIO_ResetBits                           0x080008ed   Thumb Code     4  stm32f4xx_gpio.o(.text)
    GPIO_WriteBit                            0x080008f1   Thumb Code    10  stm32f4xx_gpio.o(.text)
    GPIO_Write                               0x080008fb   Thumb Code     4  stm32f4xx_gpio.o(.text)
    GPIO_ToggleBits                          0x080008ff   Thumb Code     8  stm32f4xx_gpio.o(.text)
    GPIO_PinAFConfig                         0x08000907   Thumb Code    70  stm32f4xx_gpio.o(.text)
    RCC_DeInit                               0x08000979   Thumb Code    82  stm32f4xx_rcc.o(.text)
    RCC_HSEConfig                            0x080009cb   Thumb Code    14  stm32f4xx_rcc.o(.text)
    RCC_GetFlagStatus                        0x080009d9   Thumb Code    60  stm32f4xx_rcc.o(.text)
    RCC_WaitForHSEStartUp                    0x08000a15   Thumb Code    56  stm32f4xx_rcc.o(.text)
    RCC_AdjustHSICalibrationValue            0x08000a4d   Thumb Code    20  stm32f4xx_rcc.o(.text)
    RCC_HSICmd                               0x08000a61   Thumb Code     6  stm32f4xx_rcc.o(.text)
    RCC_LSEConfig                            0x08000a67   Thumb Code    46  stm32f4xx_rcc.o(.text)
    RCC_LSICmd                               0x08000a95   Thumb Code     6  stm32f4xx_rcc.o(.text)
    RCC_PLLConfig                            0x08000a9b   Thumb Code    32  stm32f4xx_rcc.o(.text)
    RCC_PLLCmd                               0x08000abb   Thumb Code     6  stm32f4xx_rcc.o(.text)
    RCC_PLLI2SConfig                         0x08000ac1   Thumb Code    14  stm32f4xx_rcc.o(.text)
    RCC_PLLI2SCmd                            0x08000acf   Thumb Code     6  stm32f4xx_rcc.o(.text)
    RCC_PLLSAIConfig                         0x08000ad5   Thumb Code    20  stm32f4xx_rcc.o(.text)
    RCC_PLLSAICmd                            0x08000ae9   Thumb Code     6  stm32f4xx_rcc.o(.text)
    RCC_ClockSecuritySystemCmd               0x08000aef   Thumb Code     6  stm32f4xx_rcc.o(.text)
    RCC_MCO1Config                           0x08000af5   Thumb Code    28  stm32f4xx_rcc.o(.text)
    RCC_MCO2Config                           0x08000b11   Thumb Code    28  stm32f4xx_rcc.o(.text)
    RCC_SYSCLKConfig                         0x08000b2d   Thumb Code    20  stm32f4xx_rcc.o(.text)
    RCC_GetSYSCLKSource                      0x08000b41   Thumb Code    12  stm32f4xx_rcc.o(.text)
    RCC_HCLKConfig                           0x08000b4d   Thumb Code    20  stm32f4xx_rcc.o(.text)
    RCC_PCLK1Config                          0x08000b61   Thumb Code    20  stm32f4xx_rcc.o(.text)
    RCC_PCLK2Config                          0x08000b75   Thumb Code    22  stm32f4xx_rcc.o(.text)
    RCC_GetClocksFreq                        0x08000b8b   Thumb Code   222  stm32f4xx_rcc.o(.text)
    RCC_RTCCLKConfig                         0x08000c69   Thumb Code    54  stm32f4xx_rcc.o(.text)
    RCC_RTCCLKCmd                            0x08000c9f   Thumb Code     8  stm32f4xx_rcc.o(.text)
    RCC_BackupResetCmd                       0x08000ca7   Thumb Code     8  stm32f4xx_rcc.o(.text)
    RCC_I2SCLKConfig                         0x08000caf   Thumb Code     6  stm32f4xx_rcc.o(.text)
    RCC_SAIPLLI2SClkDivConfig                0x08000cb5   Thumb Code    26  stm32f4xx_rcc.o(.text)
    RCC_SAIPLLSAIClkDivConfig                0x08000ccf   Thumb Code    28  stm32f4xx_rcc.o(.text)
    RCC_SAIBlockACLKConfig                   0x08000ceb   Thumb Code    20  stm32f4xx_rcc.o(.text)
    RCC_SAIBlockBCLKConfig                   0x08000cff   Thumb Code    20  stm32f4xx_rcc.o(.text)
    RCC_LTDCCLKDivConfig                     0x08000d13   Thumb Code    20  stm32f4xx_rcc.o(.text)
    RCC_TIMCLKPresConfig                     0x08000d27   Thumb Code     6  stm32f4xx_rcc.o(.text)
    RCC_AHB1PeriphClockCmd                   0x08000d2d   Thumb Code    34  stm32f4xx_rcc.o(.text)
    RCC_AHB2PeriphClockCmd                   0x08000d4f   Thumb Code    78  stm32f4xx_rcc.o(.text)
    RCC_AHB3PeriphClockCmd                   0x08000d9d   Thumb Code    34  stm32f4xx_rcc.o(.text)
    RCC_APB1PeriphClockCmd                   0x08000dbf   Thumb Code    34  stm32f4xx_rcc.o(.text)
    RCC_APB2PeriphClockCmd                   0x08000de1   Thumb Code    34  stm32f4xx_rcc.o(.text)
    RCC_AHB1PeriphResetCmd                   0x08000e03   Thumb Code    34  stm32f4xx_rcc.o(.text)
    RCC_AHB2PeriphResetCmd                   0x08000e25   Thumb Code    34  stm32f4xx_rcc.o(.text)
    RCC_AHB3PeriphResetCmd                   0x08000e47   Thumb Code    34  stm32f4xx_rcc.o(.text)
    RCC_APB1PeriphResetCmd                   0x08000e69   Thumb Code    34  stm32f4xx_rcc.o(.text)
    RCC_APB2PeriphResetCmd                   0x08000e8b   Thumb Code    34  stm32f4xx_rcc.o(.text)
    RCC_AHB1PeriphClockLPModeCmd             0x08000ead   Thumb Code    34  stm32f4xx_rcc.o(.text)
    RCC_AHB2PeriphClockLPModeCmd             0x08000ecf   Thumb Code    34  stm32f4xx_rcc.o(.text)
    RCC_AHB3PeriphClockLPModeCmd             0x08000ef1   Thumb Code    34  stm32f4xx_rcc.o(.text)
    RCC_APB1PeriphClockLPModeCmd             0x08000f13   Thumb Code    34  stm32f4xx_rcc.o(.text)
    RCC_APB2PeriphClockLPModeCmd             0x08000f35   Thumb Code    34  stm32f4xx_rcc.o(.text)
    RCC_LSEModeConfig                        0x08000f57   Thumb Code    40  stm32f4xx_rcc.o(.text)
    RCC_ITConfig                             0x08000f7f   Thumb Code    34  stm32f4xx_rcc.o(.text)
    RCC_ClearFlag                            0x08000fa1   Thumb Code    18  stm32f4xx_rcc.o(.text)
    RCC_GetITStatus                          0x08000fb3   Thumb Code    22  stm32f4xx_rcc.o(.text)
    RCC_ClearITPendingBit                    0x08000fc9   Thumb Code     8  stm32f4xx_rcc.o(.text)
    TIM_DeInit                               0x08000fd5   Thumb Code   346  stm32f4xx_tim.o(.text)
    TIM_TimeBaseInit                         0x0800112f   Thumb Code   104  stm32f4xx_tim.o(.text)
    TIM_TimeBaseStructInit                   0x08001197   Thumb Code    18  stm32f4xx_tim.o(.text)
    TIM_PrescalerConfig                      0x080011a9   Thumb Code     6  stm32f4xx_tim.o(.text)
    TIM_CounterModeConfig                    0x080011af   Thumb Code    18  stm32f4xx_tim.o(.text)
    TIM_SetCounter                           0x080011c1   Thumb Code     4  stm32f4xx_tim.o(.text)
    TIM_SetAutoreload                        0x080011c5   Thumb Code     4  stm32f4xx_tim.o(.text)
    TIM_GetCounter                           0x080011c9   Thumb Code     6  stm32f4xx_tim.o(.text)
    TIM_GetPrescaler                         0x080011cf   Thumb Code     6  stm32f4xx_tim.o(.text)
    TIM_UpdateDisableConfig                  0x080011d5   Thumb Code    24  stm32f4xx_tim.o(.text)
    TIM_UpdateRequestConfig                  0x080011ed   Thumb Code    24  stm32f4xx_tim.o(.text)
    TIM_ARRPreloadConfig                     0x08001205   Thumb Code    24  stm32f4xx_tim.o(.text)
    TIM_SelectOnePulseMode                   0x0800121d   Thumb Code    18  stm32f4xx_tim.o(.text)
    TIM_SetClockDivision                     0x0800122f   Thumb Code    18  stm32f4xx_tim.o(.text)
    TIM_Cmd                                  0x08001241   Thumb Code    24  stm32f4xx_tim.o(.text)
    TIM_OC1Init                              0x08001259   Thumb Code   114  stm32f4xx_tim.o(.text)
    TIM_OC2Init                              0x080012cb   Thumb Code   154  stm32f4xx_tim.o(.text)
    TIM_OC3Init                              0x08001365   Thumb Code   204  stm32f4xx_tim.o(.text)
    TIM_OC4Init                              0x08001431   Thumb Code   112  stm32f4xx_tim.o(.text)
    TIM_OCStructInit                         0x080014a1   Thumb Code    20  stm32f4xx_tim.o(.text)
    TIM_SelectOCxM                           0x080014b5   Thumb Code    86  stm32f4xx_tim.o(.text)
    TIM_SetCompare1                          0x0800150b   Thumb Code     4  stm32f4xx_tim.o(.text)
    TIM_SetCompare2                          0x0800150f   Thumb Code     4  stm32f4xx_tim.o(.text)
    TIM_SetCompare3                          0x08001513   Thumb Code     4  stm32f4xx_tim.o(.text)
    TIM_SetCompare4                          0x08001517   Thumb Code     4  stm32f4xx_tim.o(.text)
    TIM_ForcedOC1Config                      0x0800151b   Thumb Code    18  stm32f4xx_tim.o(.text)
    TIM_ForcedOC2Config                      0x0800152d   Thumb Code    26  stm32f4xx_tim.o(.text)
    TIM_ForcedOC3Config                      0x08001547   Thumb Code    18  stm32f4xx_tim.o(.text)
    TIM_ForcedOC4Config                      0x08001559   Thumb Code    26  stm32f4xx_tim.o(.text)
    TIM_OC1PreloadConfig                     0x08001573   Thumb Code    18  stm32f4xx_tim.o(.text)
    TIM_OC2PreloadConfig                     0x08001585   Thumb Code    26  stm32f4xx_tim.o(.text)
    TIM_OC3PreloadConfig                     0x0800159f   Thumb Code    18  stm32f4xx_tim.o(.text)
    TIM_OC4PreloadConfig                     0x080015b1   Thumb Code    26  stm32f4xx_tim.o(.text)
    TIM_OC1FastConfig                        0x080015cb   Thumb Code    18  stm32f4xx_tim.o(.text)
    TIM_OC2FastConfig                        0x080015dd   Thumb Code    26  stm32f4xx_tim.o(.text)
    TIM_OC3FastConfig                        0x080015f7   Thumb Code    18  stm32f4xx_tim.o(.text)
    TIM_OC4FastConfig                        0x08001609   Thumb Code    26  stm32f4xx_tim.o(.text)
    TIM_ClearOC1Ref                          0x08001623   Thumb Code    18  stm32f4xx_tim.o(.text)
    TIM_ClearOC2Ref                          0x08001635   Thumb Code    24  stm32f4xx_tim.o(.text)
    TIM_ClearOC3Ref                          0x0800164d   Thumb Code    18  stm32f4xx_tim.o(.text)
    TIM_ClearOC4Ref                          0x0800165f   Thumb Code    24  stm32f4xx_tim.o(.text)
    TIM_OC1PolarityConfig                    0x08001677   Thumb Code    18  stm32f4xx_tim.o(.text)
    TIM_OC1NPolarityConfig                   0x08001689   Thumb Code    18  stm32f4xx_tim.o(.text)
    TIM_OC2PolarityConfig                    0x0800169b   Thumb Code    26  stm32f4xx_tim.o(.text)
    TIM_OC2NPolarityConfig                   0x080016b5   Thumb Code    26  stm32f4xx_tim.o(.text)
    TIM_OC3PolarityConfig                    0x080016cf   Thumb Code    26  stm32f4xx_tim.o(.text)
    TIM_OC3NPolarityConfig                   0x080016e9   Thumb Code    26  stm32f4xx_tim.o(.text)
    TIM_OC4PolarityConfig                    0x08001703   Thumb Code    26  stm32f4xx_tim.o(.text)
    TIM_CCxCmd                               0x0800171d   Thumb Code    30  stm32f4xx_tim.o(.text)
    TIM_CCxNCmd                              0x0800173b   Thumb Code    30  stm32f4xx_tim.o(.text)
    TIM_SetIC4Prescaler                      0x08001759   Thumb Code    26  stm32f4xx_tim.o(.text)
    TIM_SetIC3Prescaler                      0x080017c3   Thumb Code    18  stm32f4xx_tim.o(.text)
    TIM_SetIC2Prescaler                      0x0800181d   Thumb Code    26  stm32f4xx_tim.o(.text)
    TIM_SetIC1Prescaler                      0x08001891   Thumb Code    18  stm32f4xx_tim.o(.text)
    TIM_ICInit                               0x080018dd   Thumb Code   110  stm32f4xx_tim.o(.text)
    TIM_ICStructInit                         0x0800194b   Thumb Code    18  stm32f4xx_tim.o(.text)
    TIM_PWMIConfig                           0x0800195d   Thumb Code   124  stm32f4xx_tim.o(.text)
    TIM_GetCapture1                          0x080019d9   Thumb Code     6  stm32f4xx_tim.o(.text)
    TIM_GetCapture2                          0x080019df   Thumb Code     6  stm32f4xx_tim.o(.text)
    TIM_GetCapture3                          0x080019e5   Thumb Code     6  stm32f4xx_tim.o(.text)
    TIM_GetCapture4                          0x080019eb   Thumb Code     6  stm32f4xx_tim.o(.text)
    TIM_BDTRConfig                           0x080019f1   Thumb Code    32  stm32f4xx_tim.o(.text)
    TIM_BDTRStructInit                       0x08001a11   Thumb Code    18  stm32f4xx_tim.o(.text)
    TIM_CtrlPWMOutputs                       0x08001a23   Thumb Code    30  stm32f4xx_tim.o(.text)
    TIM_SelectCOM                            0x08001a41   Thumb Code    24  stm32f4xx_tim.o(.text)
    TIM_CCPreloadControl                     0x08001a59   Thumb Code    24  stm32f4xx_tim.o(.text)
    TIM_ITConfig                             0x08001a71   Thumb Code    18  stm32f4xx_tim.o(.text)
    TIM_GenerateEvent                        0x08001a83   Thumb Code     4  stm32f4xx_tim.o(.text)
    TIM_GetFlagStatus                        0x08001a87   Thumb Code    18  stm32f4xx_tim.o(.text)
    TIM_ClearFlag                            0x08001a99   Thumb Code     6  stm32f4xx_tim.o(.text)
    TIM_GetITStatus                          0x08001a9f   Thumb Code    34  stm32f4xx_tim.o(.text)
    TIM_ClearITPendingBit                    0x08001ac1   Thumb Code     6  stm32f4xx_tim.o(.text)
    TIM_DMAConfig                            0x08001ac7   Thumb Code    10  stm32f4xx_tim.o(.text)
    TIM_DMACmd                               0x08001ad1   Thumb Code    18  stm32f4xx_tim.o(.text)
    TIM_SelectCCDMA                          0x08001ae3   Thumb Code    24  stm32f4xx_tim.o(.text)
    TIM_InternalClockConfig                  0x08001afb   Thumb Code    12  stm32f4xx_tim.o(.text)
    TIM_SelectInputTrigger                   0x08001b07   Thumb Code    18  stm32f4xx_tim.o(.text)
    TIM_ITRxExternalClockConfig              0x08001b19   Thumb Code    24  stm32f4xx_tim.o(.text)
    TIM_TIxExternalClockConfig               0x08001b31   Thumb Code    62  stm32f4xx_tim.o(.text)
    TIM_ETRConfig                            0x08001b6f   Thumb Code    28  stm32f4xx_tim.o(.text)
    TIM_ETRClockMode1Config                  0x08001b8b   Thumb Code    54  stm32f4xx_tim.o(.text)
    TIM_ETRClockMode2Config                  0x08001bc1   Thumb Code    32  stm32f4xx_tim.o(.text)
    TIM_SelectOutputTrigger                  0x08001be1   Thumb Code    18  stm32f4xx_tim.o(.text)
    TIM_SelectSlaveMode                      0x08001bf3   Thumb Code    18  stm32f4xx_tim.o(.text)
    TIM_SelectMasterSlaveMode                0x08001c05   Thumb Code    18  stm32f4xx_tim.o(.text)
    TIM_EncoderInterfaceConfig               0x08001c17   Thumb Code    66  stm32f4xx_tim.o(.text)
    TIM_SelectHallSensor                     0x08001c59   Thumb Code    24  stm32f4xx_tim.o(.text)
    TIM_RemapConfig                          0x08001c71   Thumb Code     6  stm32f4xx_tim.o(.text)
    USART_DeInit                             0x08001c79   Thumb Code   206  stm32f4xx_usart.o(.text)
    USART_Init                               0x08001d47   Thumb Code   204  stm32f4xx_usart.o(.text)
    USART_StructInit                         0x08001e13   Thumb Code    24  stm32f4xx_usart.o(.text)
    USART_ClockInit                          0x08001e2b   Thumb Code    32  stm32f4xx_usart.o(.text)
    USART_ClockStructInit                    0x08001e4b   Thumb Code    12  stm32f4xx_usart.o(.text)
    USART_Cmd                                0x08001e57   Thumb Code    24  stm32f4xx_usart.o(.text)
    USART_SetPrescaler                       0x08001e6f   Thumb Code    16  stm32f4xx_usart.o(.text)
    USART_OverSampling8Cmd                   0x08001e7f   Thumb Code    22  stm32f4xx_usart.o(.text)
    USART_OneBitMethodCmd                    0x08001e95   Thumb Code    24  stm32f4xx_usart.o(.text)
    USART_SendData                           0x08001ead   Thumb Code     8  stm32f4xx_usart.o(.text)
    USART_ReceiveData                        0x08001eb5   Thumb Code    10  stm32f4xx_usart.o(.text)
    USART_SetAddress                         0x08001ebf   Thumb Code    18  stm32f4xx_usart.o(.text)
    USART_ReceiverWakeUpCmd                  0x08001ed1   Thumb Code    24  stm32f4xx_usart.o(.text)
    USART_WakeUpConfig                       0x08001ee9   Thumb Code    18  stm32f4xx_usart.o(.text)
    USART_LINBreakDetectLengthConfig         0x08001efb   Thumb Code    18  stm32f4xx_usart.o(.text)
    USART_LINCmd                             0x08001f0d   Thumb Code    24  stm32f4xx_usart.o(.text)
    USART_SendBreak                          0x08001f25   Thumb Code    10  stm32f4xx_usart.o(.text)
    USART_HalfDuplexCmd                      0x08001f2f   Thumb Code    24  stm32f4xx_usart.o(.text)
    USART_SetGuardTime                       0x08001f47   Thumb Code    16  stm32f4xx_usart.o(.text)
    USART_SmartCardCmd                       0x08001f57   Thumb Code    24  stm32f4xx_usart.o(.text)
    USART_SmartCardNACKCmd                   0x08001f6f   Thumb Code    24  stm32f4xx_usart.o(.text)
    USART_IrDAConfig                         0x08001f87   Thumb Code    18  stm32f4xx_usart.o(.text)
    USART_IrDACmd                            0x08001f99   Thumb Code    24  stm32f4xx_usart.o(.text)
    USART_DMACmd                             0x08001fb1   Thumb Code    18  stm32f4xx_usart.o(.text)
    USART_ITConfig                           0x08001fc3   Thumb Code    74  stm32f4xx_usart.o(.text)
    USART_GetFlagStatus                      0x0800200d   Thumb Code    26  stm32f4xx_usart.o(.text)
    USART_ClearFlag                          0x08002027   Thumb Code    18  stm32f4xx_usart.o(.text)
    USART_GetITStatus                        0x08002039   Thumb Code   118  stm32f4xx_usart.o(.text)
    USART_ClearITPendingBit                  0x080020af   Thumb Code    30  stm32f4xx_usart.o(.text)
    delay_init                               0x080020cd   Thumb Code    52  delay.o(.text)
    delay_us                                 0x08002101   Thumb Code    72  delay.o(.text)
    delay_xms                                0x08002149   Thumb Code    72  delay.o(.text)
    delay_ms                                 0x08002191   Thumb Code    56  delay.o(.text)
    _sys_exit                                0x080021d1   Thumb Code     6  usart.o(.text)
    fputc                                    0x080021d7   Thumb Code    22  usart.o(.text)
    uart_init                                0x080021ed   Thumb Code   164  usart.o(.text)
    USART1_IRQHandler                        0x08002291   Thumb Code   494  usart.o(.text)
    MY_USART2_Init                           0x080024f9   Thumb Code   202  usart2.o(.text)
    Usart2SendByte                           0x080025c3   Thumb Code    32  usart2.o(.text)
    ChangeIntSend                            0x080025e3   Thumb Code    42  usart2.o(.text)
    SendCommand                              0x0800260d   Thumb Code   514  usart2.o(.text)
    Repead                                   0x0800280f   Thumb Code    36  usart2.o(.text)
    ChangeDoubleSend                         0x08002833   Thumb Code    70  usart2.o(.text)
    ChangeStrRes                             0x08002879   Thumb Code    94  usart2.o(.text)
    ReceiveWaiting                           0x080028d7   Thumb Code   264  usart2.o(.text)
    USART2_IRQHandler                        0x080029df   Thumb Code    56  usart2.o(.text)
    stop                                     0x08002a41   Thumb Code    86  car.o(.text)
    car_Init                                 0x08002a97   Thumb Code   118  car.o(.text)
    front                                    0x08002b0d   Thumb Code    68  car.o(.text)
    back                                     0x08002b51   Thumb Code    68  car.o(.text)
    left                                     0x08002b95   Thumb Code    86  car.o(.text)
    right                                    0x08002beb   Thumb Code    86  car.o(.text)
    left_front                               0x08002c41   Thumb Code    88  car.o(.text)
    right_front                              0x08002c99   Thumb Code    88  car.o(.text)
    turnright                                0x08002cf1   Thumb Code   114  car.o(.text)
    crossright                               0x08002d63   Thumb Code    88  car.o(.text)
    turnleft                                 0x08002dbb   Thumb Code   142  car.o(.text)
    crossleft                                0x08002e49   Thumb Code    88  car.o(.text)
    car_no_adjust                            0x08002ea1   Thumb Code    20  car.o(.text)
    avoid_speed                              0x08002eb5   Thumb Code    22  car.o(.text)
    car_adjust                               0x08002ecb   Thumb Code   214  car.o(.text)
    Launch                                   0x08002fa1   Thumb Code    26  car.o(.text)
    PID_Realize                              0x08002fe1   Thumb Code   178  pid.o(.text)
    TIM3_Int_Init                            0x080030a5   Thumb Code   138  pwm.o(.text)
    TIM3_IRQHandler                          0x0800312f   Thumb Code   434  pwm.o(.text)
    camera_up                                0x0800331d   Thumb Code     8  servo.o(.text)
    camera_more_up                           0x08003325   Thumb Code     8  servo.o(.text)
    camera_pink_up                           0x0800332d   Thumb Code     8  servo.o(.text)
    camera_down                              0x08003335   Thumb Code     8  servo.o(.text)
    camera_front                             0x0800333d   Thumb Code     8  servo.o(.text)
    camera_back                              0x08003345   Thumb Code     8  servo.o(.text)
    camera_left                              0x0800334d   Thumb Code     8  servo.o(.text)
    arm_up                                   0x08003355   Thumb Code     8  servo.o(.text)
    arm_down                                 0x0800335d   Thumb Code     8  servo.o(.text)
    HandOpen                                 0x08003365   Thumb Code     8  servo.o(.text)
    HandClose                                0x0800336d   Thumb Code     8  servo.o(.text)
    HandPut                                  0x08003375   Thumb Code     8  servo.o(.text)
    TIM4_Int_Init                            0x0800338d   Thumb Code    88  adc.o(.text)
    TIM4_IRQHandler                          0x080033e5   Thumb Code   120  adc.o(.text)
    Avoidance                                0x08003475   Thumb Code   216  control.o(.text)
    MoveTargetFree                           0x0800354d   Thumb Code    58  control.o(.text)
    SetBackCore                              0x08003587   Thumb Code   108  control.o(.text)
    MoveToFree                               0x080035f3   Thumb Code    42  control.o(.text)
    SetCore                                  0x0800361d   Thumb Code   288  control.o(.text)
    SetPinkCore                              0x0800373d   Thumb Code   142  control.o(.text)
    MoveTargetBlue                           0x080037cb   Thumb Code   336  control.o(.text)
    MoveTargetGreen                          0x0800391b   Thumb Code    46  control.o(.text)
    Check                                    0x08003949   Thumb Code   154  control.o(.text)
    BallCatched                              0x080039e3   Thumb Code    34  control.o(.text)
    TranslateHorizontal                      0x08003a05   Thumb Code   118  control.o(.text)
    TranslateVertical                        0x08003a7b   Thumb Code   112  control.o(.text)
    PickBall                                 0x08003aeb   Thumb Code    78  control.o(.text)
    MoveToGreen                              0x08003b39   Thumb Code    56  control.o(.text)
    OnGreenCore                              0x08003b71   Thumb Code    34  control.o(.text)
    SeekAndLunch                             0x08003b93   Thumb Code    58  control.o(.text)
    LedInit                                  0x08003bf5   Thumb Code   118  led.o(.text)
    __use_no_semihosting                     0x08003c7d   Thumb Code     2  use_no_semi_2.o(.text)
    __2printf                                0x08003c81   Thumb Code    20  __2printf.o(.text)
    __2sprintf                               0x08003c99   Thumb Code    38  __2sprintf.o(.text)
    __printf                                 0x08003cc5   Thumb Code   104  __printf.o(.text)
    _printf_int_dec                          0x08003d2d   Thumb Code   104  _printf_dec.o(.text)
    atoi                                     0x08003da5   Thumb Code    26  atoi.o(.text)
    __use_two_region_memory                  0x08003dbf   Thumb Code     2  heapauxi.o(.text)
    __rt_heap_escrow$2region                 0x08003dc1   Thumb Code     2  heapauxi.o(.text)
    __rt_heap_expand$2region                 0x08003dc3   Thumb Code     2  heapauxi.o(.text)
    __I$use$semihosting                      0x08003dc5   Thumb Code     0  use_no_semi.o(.text)
    __use_no_semihosting_swi                 0x08003dc5   Thumb Code     2  use_no_semi.o(.text)
    __aeabi_errno_addr                       0x08003dc9   Thumb Code     8  rt_errno_addr_intlibspace.o(.text)
    __errno$intlibspace                      0x08003dc9   Thumb Code     0  rt_errno_addr_intlibspace.o(.text)
    __rt_errno_addr$intlibspace              0x08003dc9   Thumb Code     0  rt_errno_addr_intlibspace.o(.text)
    _printf_int_common                       0x08003dd1   Thumb Code   178  _printf_intcommon.o(.text)
    __lib_sel_fp_printf                      0x08003e83   Thumb Code     2  _printf_fp_dec.o(.text)
    _printf_fp_dec_real                      0x08004031   Thumb Code   620  _printf_fp_dec.o(.text)
    _printf_char_common                      0x080042a7   Thumb Code    32  _printf_char_common.o(.text)
    _sputc                                   0x080042cd   Thumb Code    10  _sputc.o(.text)
    _printf_char_file                        0x080042d9   Thumb Code    32  _printf_char_file.o(.text)
    strtol                                   0x080042fd   Thumb Code   112  strtol.o(.text)
    __user_libspace                          0x0800436d   Thumb Code     8  libspace.o(.text)
    __user_perproc_libspace                  0x0800436d   Thumb Code     0  libspace.o(.text)
    __user_perthread_libspace                0x0800436d   Thumb Code     0  libspace.o(.text)
    __rt_ctype_table                         0x08004375   Thumb Code    16  rt_ctype_table.o(.text)
    __rt_locale                              0x08004385   Thumb Code     8  rt_locale_intlibspace.o(.text)
    _ll_udiv10                               0x0800438d   Thumb Code   138  lludiv10.o(.text)
    _printf_fp_infnan                        0x08004419   Thumb Code   112  _printf_fp_infnan.o(.text)
    _strtoul                                 0x08004499   Thumb Code   158  _strtoul.o(.text)
    _btod_etento                             0x08004539   Thumb Code   216  bigflt0.o(.text)
    ferror                                   0x08004615   Thumb Code     8  ferror.o(.text)
    __user_setup_stackheap                   0x0800461d   Thumb Code    74  sys_stackheap_outer.o(.text)
    _chval                                   0x08004667   Thumb Code    28  _chval.o(.text)
    exit                                     0x08004683   Thumb Code    12  exit.o(.text)
    strcmp                                   0x08004691   Thumb Code   128  strcmpv7m.o(.text)
    _btod_d2e                                0x08004711   Thumb Code    62  btod.o(CL$$btod_d2e)
    _d2e_denorm_low                          0x0800474f   Thumb Code    70  btod.o(CL$$btod_d2e_denorm_low)
    _d2e_norm_op1                            0x08004795   Thumb Code    96  btod.o(CL$$btod_d2e_norm_op1)
    __btod_div_common                        0x080047f5   Thumb Code   696  btod.o(CL$$btod_div_common)
    _e2e                                     0x08004b2d   Thumb Code   198  btod.o(CL$$btod_e2e)
    _btod_ediv                               0x08004bf3   Thumb Code    40  btod.o(CL$$btod_ediv)
    _btod_emul                               0x08004c1b   Thumb Code    40  btod.o(CL$$btod_emul)
    __btod_mult_common                       0x08004c43   Thumb Code   580  btod.o(CL$$btod_mult_common)
    __ARM_fpclassify                         0x08004e87   Thumb Code    48  fpclassify.o(i.__ARM_fpclassify)
    _get_lc_numeric                          0x08004eb9   Thumb Code    44  lc_numeric_c.o(locale$$code)
    _get_lc_ctype                            0x08004ee5   Thumb Code    44  lc_ctype_c.o(locale$$code)
    _fp_init                                 0x08004f11   Thumb Code    10  fpinit.o(x$fpl$fpinit)
    __fplib_config_fpu_vfp                   0x08004f19   Thumb Code     0  fpinit.o(x$fpl$fpinit)
    __fplib_config_pureend_doubles           0x08004f19   Thumb Code     0  fpinit.o(x$fpl$fpinit)
    _printf_fp_dec                           0x08004f1b   Thumb Code     4  printf1.o(x$fpl$printf1)
    __I$use$fp                               0x08004f1e   Number         0  usenofp.o(x$fpl$usenofp)
    Region$$Table$$Base                      0x08004fbc   Number         0  anon$$obj.o(Region$$Table)
    Region$$Table$$Limit                     0x08004fdc   Number         0  anon$$obj.o(Region$$Table)
    __ctype                                  0x08005005   Data           0  lc_ctype_c.o(locale$$data)
    SystemCoreClock                          0x20000000   Data           4  system_stm32f4xx.o(.data)
    AHBPrescTable                            0x20000004   Data          16  system_stm32f4xx.o(.data)
    __stdout                                 0x20000028   Data           4  usart.o(.data)
    USART_RX_STA                             0x2000002c   Data           2  usart.o(.data)
    res                                      0x20000030   Data           1  usart2.o(.data)
    flag                                     0x20000031   Data           1  usart2.o(.data)
    CheckFlag                                0x20000032   Data           1  usart2.o(.data)
    Position                                 0x20000034   Data           2  usart2.o(.data)
    X                                        0x20000038   Data           4  usart2.o(.data)
    Y                                        0x2000003c   Data           4  usart2.o(.data)
    HandX                                    0x20000040   Data           4  usart2.o(.data)
    HandY                                    0x20000044   Data           4  usart2.o(.data)
    BallX                                    0x20000048   Data           4  usart2.o(.data)
    BallY                                    0x2000004c   Data           4  usart2.o(.data)
    ErrFlag                                  0x20000050   Data           1  pid.o(.data)
    pid                                      0x20000054   Data          16  pid.o(.data)
    pwm_dianji1                              0x20000064   Data           4  pwm.o(.data)
    pwm_dianji2                              0x20000068   Data           4  pwm.o(.data)
    pwm_dianji3                              0x2000006c   Data           4  pwm.o(.data)
    pwm_dianji4                              0x20000070   Data           4  pwm.o(.data)
    ServoPitch                               0x20000074   Data           2  pwm.o(.data)
    ServoYaw                                 0x20000076   Data           2  pwm.o(.data)
    ServoArm                                 0x20000078   Data           2  pwm.o(.data)
    ServoHand                                0x2000007a   Data           2  pwm.o(.data)
    launch_pwm                               0x2000007c   Data           2  pwm.o(.data)
    timer                                    0x2000007e   Data           2  pwm.o(.data)
    KeyFlag4                                 0x20000080   Data           1  adc.o(.data)
    KeyFlag5                                 0x20000081   Data           1  adc.o(.data)
    KeyFlag6                                 0x20000082   Data           1  adc.o(.data)
    KeyFlag7                                 0x20000083   Data           1  adc.o(.data)
    count                                    0x20000084   Data           4  control.o(.data)
    AdvoidFlag                               0x20000088   Data           1  control.o(.data)
    BallFlag                                 0x20000089   Data           1  control.o(.data)
    FreeFlag                                 0x2000008a   Data           1  control.o(.data)
    GoFlag                                   0x2000008c   Data           2  control.o(.data)
    Step                                     0x2000008e   Data           2  control.o(.data)
    BallColor                                0x20000090   Data           2  control.o(.data)
    InfraredFlag                             0x20000092   Data           2  control.o(.data)
    Ball_X                                   0x20000094   Data           2  control.o(.data)
    TRound                                   0x20000096   Data           1  control.o(.data)
    dirflag                                  0x20000098   Data           2  control.o(.data)
    USART_RX_BUF                             0x2000009c   Data         200  usart.o(.bss)
    ResData                                  0x20000164   Data          40  usart2.o(.bss)
    error                                    0x2000018c   Data          12  pid.o(.bss)
    __libspace_start                         0x20000198   Data          96  libspace.o(.bss)
    __temporary_stack_top$libspace           0x200001f8   Data           0  libspace.o(.bss)



==============================================================================

Memory Map of the image

  Image Entry point : 0x08000189

  Load Region LR_IROM1 (Base: 0x08000000, Size: 0x000051a4, Max: 0x00080000, ABSOLUTE)

    Execution Region ER_IROM1 (Base: 0x08000000, Size: 0x00005108, Max: 0x00080000, ABSOLUTE)

    Base Addr    Size         Type   Attr      Idx    E Section Name        Object

    0x08000000   0x00000188   Data   RO          253    RESET               startup_stm32f40_41xxx.o
    0x08000188   0x00000008   Code   RO         1276  * !!!main             c_w.l(__main.o)
    0x08000190   0x00000034   Code   RO         1509    !!!scatter          c_w.l(__scatter.o)
    0x080001c4   0x0000001a   Code   RO         1511    !!handler_copy      c_w.l(__scatter_copy.o)
    0x080001de   0x00000002   PAD
    0x080001e0   0x0000001c   Code   RO         1513    !!handler_zi        c_w.l(__scatter_zi.o)
    0x080001fc   0x00000000   Code   RO         1271    .ARM.Collect$$_printf_percent$$00000000  c_w.l(_printf_percent.o)
    0x080001fc   0x00000006   Code   RO         1270    .ARM.Collect$$_printf_percent$$00000003  c_w.l(_printf_f.o)
    0x08000202   0x00000006   Code   RO         1269    .ARM.Collect$$_printf_percent$$00000009  c_w.l(_printf_d.o)
    0x08000208   0x00000004   Code   RO         1298    .ARM.Collect$$_printf_percent$$00000017  c_w.l(_printf_percent_end.o)
    0x0800020c   0x00000002   Code   RO         1387    .ARM.Collect$$libinit$$00000000  c_w.l(libinit.o)
    0x0800020e   0x00000004   Code   RO         1388    .ARM.Collect$$libinit$$00000001  c_w.l(libinit2.o)
    0x08000212   0x00000000   Code   RO         1391    .ARM.Collect$$libinit$$00000004  c_w.l(libinit2.o)
    0x08000212   0x00000000   Code   RO         1394    .ARM.Collect$$libinit$$0000000A  c_w.l(libinit2.o)
    0x08000212   0x00000000   Code   RO         1396    .ARM.Collect$$libinit$$0000000C  c_w.l(libinit2.o)
    0x08000212   0x00000000   Code   RO         1398    .ARM.Collect$$libinit$$0000000E  c_w.l(libinit2.o)
    0x08000212   0x00000006   Code   RO         1399    .ARM.Collect$$libinit$$0000000F  c_w.l(libinit2.o)
    0x08000218   0x00000000   Code   RO         1401    .ARM.Collect$$libinit$$00000011  c_w.l(libinit2.o)
    0x08000218   0x0000000c   Code   RO         1402    .ARM.Collect$$libinit$$00000012  c_w.l(libinit2.o)
    0x08000224   0x00000000   Code   RO         1403    .ARM.Collect$$libinit$$00000013  c_w.l(libinit2.o)
    0x08000224   0x00000000   Code   RO         1405    .ARM.Collect$$libinit$$00000015  c_w.l(libinit2.o)
    0x08000224   0x0000000a   Code   RO         1406    .ARM.Collect$$libinit$$00000016  c_w.l(libinit2.o)
    0x0800022e   0x00000000   Code   RO         1407    .ARM.Collect$$libinit$$00000017  c_w.l(libinit2.o)
    0x0800022e   0x00000000   Code   RO         1409    .ARM.Collect$$libinit$$00000019  c_w.l(libinit2.o)
    0x0800022e   0x00000000   Code   RO         1411    .ARM.Collect$$libinit$$0000001B  c_w.l(libinit2.o)
    0x0800022e   0x00000000   Code   RO         1413    .ARM.Collect$$libinit$$0000001D  c_w.l(libinit2.o)
    0x0800022e   0x00000000   Code   RO         1415    .ARM.Collect$$libinit$$0000001F  c_w.l(libinit2.o)
    0x0800022e   0x00000000   Code   RO         1417    .ARM.Collect$$libinit$$00000021  c_w.l(libinit2.o)
    0x0800022e   0x00000000   Code   RO         1419    .ARM.Collect$$libinit$$00000023  c_w.l(libinit2.o)
    0x0800022e   0x00000000   Code   RO         1421    .ARM.Collect$$libinit$$00000025  c_w.l(libinit2.o)
    0x0800022e   0x00000000   Code   RO         1425    .ARM.Collect$$libinit$$0000002C  c_w.l(libinit2.o)
    0x0800022e   0x00000000   Code   RO         1427    .ARM.Collect$$libinit$$0000002E  c_w.l(libinit2.o)
    0x0800022e   0x00000000   Code   RO         1429    .ARM.Collect$$libinit$$00000030  c_w.l(libinit2.o)
    0x0800022e   0x00000000   Code   RO         1431    .ARM.Collect$$libinit$$00000032  c_w.l(libinit2.o)
    0x0800022e   0x00000002   Code   RO         1432    .ARM.Collect$$libinit$$00000033  c_w.l(libinit2.o)
    0x08000230   0x00000002   Code   RO         1460    .ARM.Collect$$libshutdown$$00000000  c_w.l(libshutdown.o)
    0x08000232   0x00000000   Code   RO         1470    .ARM.Collect$$libshutdown$$00000003  c_w.l(libshutdown2.o)
    0x08000232   0x00000000   Code   RO         1473    .ARM.Collect$$libshutdown$$00000006  c_w.l(libshutdown2.o)
    0x08000232   0x00000000   Code   RO         1476    .ARM.Collect$$libshutdown$$00000009  c_w.l(libshutdown2.o)
    0x08000232   0x00000000   Code   RO         1478    .ARM.Collect$$libshutdown$$0000000B  c_w.l(libshutdown2.o)
    0x08000232   0x00000000   Code   RO         1481    .ARM.Collect$$libshutdown$$0000000E  c_w.l(libshutdown2.o)
    0x08000232   0x00000002   Code   RO         1482    .ARM.Collect$$libshutdown$$0000000F  c_w.l(libshutdown2.o)
    0x08000234   0x00000000   Code   RO         1282    .ARM.Collect$$rtentry$$00000000  c_w.l(__rtentry.o)
    0x08000234   0x00000000   Code   RO         1305    .ARM.Collect$$rtentry$$00000002  c_w.l(__rtentry2.o)
    0x08000234   0x00000006   Code   RO         1317    .ARM.Collect$$rtentry$$00000004  c_w.l(__rtentry4.o)
    0x0800023a   0x00000000   Code   RO         1307    .ARM.Collect$$rtentry$$00000009  c_w.l(__rtentry2.o)
    0x0800023a   0x00000004   Code   RO         1308    .ARM.Collect$$rtentry$$0000000A  c_w.l(__rtentry2.o)
    0x0800023e   0x00000000   Code   RO         1310    .ARM.Collect$$rtentry$$0000000C  c_w.l(__rtentry2.o)
    0x0800023e   0x00000008   Code   RO         1311    .ARM.Collect$$rtentry$$0000000D  c_w.l(__rtentry2.o)
    0x08000246   0x00000002   Code   RO         1433    .ARM.Collect$$rtexit$$00000000  c_w.l(rtexit.o)
    0x08000248   0x00000000   Code   RO         1440    .ARM.Collect$$rtexit$$00000002  c_w.l(rtexit2.o)
    0x08000248   0x00000004   Code   RO         1441    .ARM.Collect$$rtexit$$00000003  c_w.l(rtexit2.o)
    0x0800024c   0x00000006   Code   RO         1442    .ARM.Collect$$rtexit$$00000004  c_w.l(rtexit2.o)
    0x08000252   0x00000002   PAD
    0x08000254   0x00000144   Code   RO            3    .text               main.o
    0x08000398   0x0000001a   Code   RO          178    .text               stm32f4xx_it.o
    0x080003b2   0x00000002   PAD
    0x080003b4   0x00000210   Code   RO          227    .text               system_stm32f4xx.o
    0x080005c4   0x00000040   Code   RO          254    .text               startup_stm32f40_41xxx.o
    0x08000604   0x000000e0   Code   RO          260    .text               misc.o
    0x080006e4   0x00000294   Code   RO          609    .text               stm32f4xx_gpio.o
    0x08000978   0x0000065c   Code   RO          772    .text               stm32f4xx_rcc.o
    0x08000fd4   0x00000ca2   Code   RO          917    .text               stm32f4xx_tim.o
    0x08001c76   0x00000002   PAD
    0x08001c78   0x00000454   Code   RO          937    .text               stm32f4xx_usart.o
    0x080020cc   0x00000104   Code   RO          977    .text               delay.o
    0x080021d0   0x00000328   Code   RO         1017    .text               usart.o
    0x080024f8   0x00000548   Code   RO         1049    .text               usart2.o
    0x08002a40   0x000005a0   Code   RO         1075    .text               car.o
    0x08002fe0   0x000000c4   Code   RO         1096    .text               pid.o
    0x080030a4   0x00000278   Code   RO         1120    .text               pwm.o
    0x0800331c   0x00000070   Code   RO         1144    .text               servo.o
    0x0800338c   0x000000e8   Code   RO         1168    .text               adc.o
    0x08003474   0x00000780   Code   RO         1191    .text               control.o
    0x08003bf4   0x00000088   Code   RO         1215    .text               led.o
    0x08003c7c   0x00000002   Code   RO         1235    .text               c_w.l(use_no_semi_2.o)
    0x08003c7e   0x00000002   PAD
    0x08003c80   0x00000018   Code   RO         1237    .text               c_w.l(__2printf.o)
    0x08003c98   0x0000002c   Code   RO         1239    .text               c_w.l(__2sprintf.o)
    0x08003cc4   0x00000068   Code   RO         1245    .text               c_w.l(__printf.o)
    0x08003d2c   0x00000078   Code   RO         1247    .text               c_w.l(_printf_dec.o)
    0x08003da4   0x0000001a   Code   RO         1272    .text               c_w.l(atoi.o)
    0x08003dbe   0x00000006   Code   RO         1274    .text               c_w.l(heapauxi.o)
    0x08003dc4   0x00000002   Code   RO         1280    .text               c_w.l(use_no_semi.o)
    0x08003dc6   0x00000002   PAD
    0x08003dc8   0x00000008   Code   RO         1286    .text               c_w.l(rt_errno_addr_intlibspace.o)
    0x08003dd0   0x000000b2   Code   RO         1288    .text               c_w.l(_printf_intcommon.o)
    0x08003e82   0x0000041a   Code   RO         1290    .text               c_w.l(_printf_fp_dec.o)
    0x0800429c   0x00000030   Code   RO         1292    .text               c_w.l(_printf_char_common.o)
    0x080042cc   0x0000000a   Code   RO         1294    .text               c_w.l(_sputc.o)
    0x080042d6   0x00000002   PAD
    0x080042d8   0x00000024   Code   RO         1296    .text               c_w.l(_printf_char_file.o)
    0x080042fc   0x00000070   Code   RO         1299    .text               c_w.l(strtol.o)
    0x0800436c   0x00000008   Code   RO         1301    .text               c_w.l(libspace.o)
    0x08004374   0x00000010   Code   RO         1319    .text               c_w.l(rt_ctype_table.o)
    0x08004384   0x00000008   Code   RO         1324    .text               c_w.l(rt_locale_intlibspace.o)
    0x0800438c   0x0000008a   Code   RO         1326    .text               c_w.l(lludiv10.o)
    0x08004416   0x00000002   PAD
    0x08004418   0x00000080   Code   RO         1328    .text               c_w.l(_printf_fp_infnan.o)
    0x08004498   0x0000009e   Code   RO         1332    .text               c_w.l(_strtoul.o)
    0x08004536   0x00000002   PAD
    0x08004538   0x000000dc   Code   RO         1334    .text               c_w.l(bigflt0.o)
    0x08004614   0x00000008   Code   RO         1359    .text               c_w.l(ferror.o)
    0x0800461c   0x0000004a   Code   RO         1371    .text               c_w.l(sys_stackheap_outer.o)
    0x08004666   0x0000001c   Code   RO         1373    .text               c_w.l(_chval.o)
    0x08004682   0x0000000c   Code   RO         1378    .text               c_w.l(exit.o)
    0x0800468e   0x00000002   PAD
    0x08004690   0x00000080   Code   RO         1380    .text               c_w.l(strcmpv7m.o)
    0x08004710   0x0000003e   Code   RO         1337    CL$$btod_d2e        c_w.l(btod.o)
    0x0800474e   0x00000046   Code   RO         1339    CL$$btod_d2e_denorm_low  c_w.l(btod.o)
    0x08004794   0x00000060   Code   RO         1338    CL$$btod_d2e_norm_op1  c_w.l(btod.o)
    0x080047f4   0x00000338   Code   RO         1347    CL$$btod_div_common  c_w.l(btod.o)
    0x08004b2c   0x000000c6   Code   RO         1344    CL$$btod_e2e        c_w.l(btod.o)
    0x08004bf2   0x00000028   Code   RO         1341    CL$$btod_ediv       c_w.l(btod.o)
    0x08004c1a   0x00000028   Code   RO         1340    CL$$btod_emul       c_w.l(btod.o)
    0x08004c42   0x00000244   Code   RO         1346    CL$$btod_mult_common  c_w.l(btod.o)
    0x08004e86   0x00000030   Code   RO         1369    i.__ARM_fpclassify  m_wm.l(fpclassify.o)
    0x08004eb6   0x00000002   PAD
    0x08004eb8   0x0000002c   Code   RO         1364    locale$$code        c_w.l(lc_numeric_c.o)
    0x08004ee4   0x0000002c   Code   RO         1376    locale$$code        c_w.l(lc_ctype_c.o)
    0x08004f10   0x0000000a   Code   RO         1437    x$fpl$fpinit        fz_wm.l(fpinit.o)
    0x08004f1a   0x00000004   Code   RO         1278    x$fpl$printf1       fz_wm.l(printf1.o)
    0x08004f1e   0x00000000   Code   RO         1368    x$fpl$usenofp       fz_wm.l(usenofp.o)
    0x08004f1e   0x00000002   PAD
    0x08004f20   0x00000006   Data   RO         1051    .constdata          usart2.o
    0x08004f26   0x00000002   PAD
    0x08004f28   0x00000094   Data   RO         1335    .constdata          c_w.l(bigflt0.o)
    0x08004fbc   0x00000020   Data   RO         1507    Region$$Table       anon$$obj.o
    0x08004fdc   0x0000001c   Data   RO         1363    locale$$data        c_w.l(lc_numeric_c.o)
    0x08004ff8   0x00000110   Data   RO         1375    locale$$data        c_w.l(lc_ctype_c.o)


    Execution Region RW_IRAM1 (Base: 0x20000000, Size: 0x000007f8, Max: 0x00020000, ABSOLUTE)

    Base Addr    Size         Type   Attr      Idx    E Section Name        Object

    0x20000000   0x00000014   Data   RW          228    .data               system_stm32f4xx.o
    0x20000014   0x00000010   Data   RW          773    .data               stm32f4xx_rcc.o
    0x20000024   0x00000004   Data   RW          978    .data               delay.o
    0x20000028   0x00000006   Data   RW         1019    .data               usart.o
    0x2000002e   0x00000002   PAD
    0x20000030   0x00000020   Data   RW         1052    .data               usart2.o
    0x20000050   0x00000014   Data   RW         1098    .data               pid.o
    0x20000064   0x0000001c   Data   RW         1121    .data               pwm.o
    0x20000080   0x00000004   Data   RW         1169    .data               adc.o
    0x20000084   0x00000016   Data   RW         1192    .data               control.o
    0x2000009a   0x00000002   PAD
    0x2000009c   0x000000c8   Zero   RW         1018    .bss                usart.o
    0x20000164   0x00000028   Zero   RW         1050    .bss                usart2.o
    0x2000018c   0x0000000c   Zero   RW         1097    .bss                pid.o
    0x20000198   0x00000060   Zero   RW         1302    .bss                c_w.l(libspace.o)
    0x200001f8   0x00000200   Zero   RW          252    HEAP                startup_stm32f40_41xxx.o
    0x200003f8   0x00000400   Zero   RW          251    STACK               startup_stm32f40_41xxx.o


==============================================================================

Image component sizes


      Code (inc. data)   RO Data    RW Data    ZI Data      Debug   Object Name

       232         24          0          4          0       1214   adc.o
      1440         66          0          0          0       3185   car.o
      1920         92          0         22          0       4457   control.o
       260          8          0          4          0       1469   delay.o
       136         18          0          0          0        594   led.o
       324         42          0          0          0     282295   main.o
       224         20          0          0          0       1849   misc.o
       196         18          0         20         12       1522   pid.o
       632         60          0         28          0       1702   pwm.o
       112         16          0          0          0       1478   servo.o
        64         26        392          0       1536        836   startup_stm32f40_41xxx.o
       660         44          0          0          0       4129   stm32f4xx_gpio.o
        26          0          0          0          0       1238   stm32f4xx_it.o
      1628         52          0         16          0      12928   stm32f4xx_rcc.o
      3234         60          0          0          0      22332   stm32f4xx_tim.o
      1108         34          0          0          0       7828   stm32f4xx_usart.o
       528         46          0         20          0       1827   system_stm32f4xx.o
       808        160          0          6        200       3890   usart.o
      1352        176          6         32         40       4269   usart2.o

    ----------------------------------------------------------------------
     14888        962        432        156       1788     359042   Object Totals
         0          0         32          0          0          0   (incl. Generated)
         4          0          2          4          0          0   (incl. Padding)

    ----------------------------------------------------------------------

      Code (inc. data)   RO Data    RW Data    ZI Data      Debug   Library Member Name

        24          4          0          0          0         84   __2printf.o
        44          6          0          0          0         84   __2sprintf.o
         8          0          0          0          0         68   __main.o
       104          0          0          0          0         84   __printf.o
         0          0          0          0          0          0   __rtentry.o
        12          0          0          0          0          0   __rtentry2.o
         6          0          0          0          0          0   __rtentry4.o
        52          8          0          0          0          0   __scatter.o
        26          0          0          0          0          0   __scatter_copy.o
        28          0          0          0          0          0   __scatter_zi.o
        28          0          0          0          0         68   _chval.o
        48          6          0          0          0         96   _printf_char_common.o
        36          4          0          0          0         80   _printf_char_file.o
         6          0          0          0          0          0   _printf_d.o
       120         16          0          0          0         92   _printf_dec.o
         6          0          0          0          0          0   _printf_f.o
      1050          0          0          0          0        216   _printf_fp_dec.o
       128         16          0          0          0         84   _printf_fp_infnan.o
       178          0          0          0          0         88   _printf_intcommon.o
         0          0          0          0          0          0   _printf_percent.o
         4          0          0          0          0          0   _printf_percent_end.o
        10          0          0          0          0         68   _sputc.o
       158          0          0          0          0         92   _strtoul.o
        26          0          0          0          0         80   atoi.o
       220          4        148          0          0         96   bigflt0.o
      1910        128          0          0          0        672   btod.o
        12          0          0          0          0         72   exit.o
         8          0          0          0          0         68   ferror.o
         6          0          0          0          0        152   heapauxi.o
        44         10        272          0          0         76   lc_ctype_c.o
        44         10         28          0          0         76   lc_numeric_c.o
         2          0          0          0          0          0   libinit.o
        34          0          0          0          0          0   libinit2.o
         2          0          0          0          0          0   libshutdown.o
         2          0          0          0          0          0   libshutdown2.o
         8          4          0          0         96         68   libspace.o
       138          0          0          0          0         80   lludiv10.o
        16          4          0          0          0         76   rt_ctype_table.o
         8          4          0          0          0         68   rt_errno_addr_intlibspace.o
         8          4          0          0          0         68   rt_locale_intlibspace.o
         2          0          0          0          0          0   rtexit.o
        10          0          0          0          0          0   rtexit2.o
       128          0          0          0          0         68   strcmpv7m.o
       112          0          0          0          0         88   strtol.o
        74          0          0          0          0         80   sys_stackheap_outer.o
         2          0          0          0          0         68   use_no_semi.o
         2          0          0          0          0         68   use_no_semi_2.o
        10          0          0          0          0        116   fpinit.o
         4          0          0          0          0        116   printf1.o
         0          0          0          0          0          0   usenofp.o
        48          0          0          0          0        124   fpclassify.o

    ----------------------------------------------------------------------
      4976        228        448          0         96       3584   Library Totals
        20          0          0          0          0          0   (incl. Padding)

    ----------------------------------------------------------------------

      Code (inc. data)   RO Data    RW Data    ZI Data      Debug   Library Name

      4894        228        448          0         96       3228   c_w.l
        14          0          0          0          0        232   fz_wm.l
        48          0          0          0          0        124   m_wm.l

    ----------------------------------------------------------------------
      4976        228        448          0         96       3584   Library Totals

    ----------------------------------------------------------------------

==============================================================================


      Code (inc. data)   RO Data    RW Data    ZI Data      Debug   

     19864       1190        880        156       1884     357606   Grand Totals
     19864       1190        880        156       1884     357606   ELF Image Totals
     19864       1190        880        156          0          0   ROM Totals

==============================================================================

    Total RO  Size (Code + RO Data)                20744 (  20.26kB)
    Total RW  Size (RW Data + ZI Data)              2040 (   1.99kB)
    Total ROM Size (Code + RO Data + RW Data)      20900 (  20.41kB)

==============================================================================

